 cod2rad

 Timestamp is 482a146f (Tue May 13 15:21:35 2008)

 Preferred load address is 00400000

 Start         Length     Name                   Class
 0001:00000000 0004e6fcH .text                   CODE
 0001:0004e700 00000051H .text$x                 CODE
 0001:0004e760 0000006cH .text$yc                CODE
 0001:0004e7d0 00000187H .text$yd                CODE
 0002:00000000 000001bcH .idata$5                DATA
 0002:000001bc 00000004H .CRT$XCA                DATA
 0002:000001c0 00000018H .CRT$XCU                DATA
 0002:000001d8 00000004H .CRT$XCZ                DATA
 0002:000001dc 00000004H .CRT$XIA                DATA
 0002:000001e0 00000014H .CRT$XIC                DATA
 0002:000001f4 00000004H .CRT$XIY                DATA
 0002:000001f8 00000004H .CRT$XIZ                DATA
 0002:000001fc 00000004H .CRT$XPA                DATA
 0002:00000200 00000004H .CRT$XPX                DATA
 0002:00000204 00000004H .CRT$XPXA               DATA
 0002:00000208 00000004H .CRT$XPZ                DATA
 0002:0000020c 00000004H .CRT$XTA                DATA
 0002:00000210 00000004H .CRT$XTZ                DATA
 0002:00000220 000213e0H .rdata                  DATA
 0002:00021600 0000003dH .rdata$debug            DATA
 0002:00021640 00000128H .rdata$r                DATA
 0002:00021770 00000020H .rdata$sxdata           DATA
 0002:00021790 00000004H .rtc$IAA                DATA
 0002:00021794 00000004H .rtc$IZZ                DATA
 0002:00021798 00000004H .rtc$TAA                DATA
 0002:0002179c 00000004H .rtc$TZZ                DATA
 0002:000217a0 0000087cH .xdata$x                DATA
 0002:0002201c 0000003cH .idata$2                DATA
 0002:00022058 00000014H .idata$3                DATA
 0002:0002206c 000001bcH .idata$4                DATA
 0002:00022228 000007daH .idata$6                DATA
 0002:00022a02 00000000H .edata                  DATA
 0003:00000000 00007ac4H .data                   DATA
 0003:00007b00 186a5598H .bss                    DATA

  Address         Publics by Value              Rva+Base       Lib:Object

 0000:00000000       __except_list              00000000     <absolute>
 0000:00000008       ___safe_se_handler_count   00000008     <absolute>
 0000:00000000       ___ImageBase               00400000     <linker-defined>
 0001:00000000       ?I_fmin@@YAMMM@Z           00401000 f i aabbtree.obj
 0001:00001000       ?BuildAabbTree@@YAHPBUGenericAabbTreeOptions@@@Z 00402000 f   aabbtree.obj
 0001:00001280       _InitWaterCells            00402280 f   bspfile.obj
 0001:00001a70       _WriteBspFile              00402a70 f   bspfile.obj
 0001:00004af0       ?StripTrailing@@YAXPAD@Z   00405af0 f   bspfile.obj
 0001:00004b30       _ParseEpair                00405b30 f   bspfile.obj
 0001:00004cb0       ?ParseEntity@@YAHPAPBDPAUentity_t@@PAH@Z 00405cb0 f   bspfile.obj
 0001:00004d70       _ParseEntities             00405d70 f   bspfile.obj
 0001:00004dc0       _UnparseEntities           00405dc0 f   bspfile.obj
 0001:00005080       _EPairList_SetKeyValue     00406080 f   bspfile.obj
 0001:00005100       _SetFileExtensionRoot      00406100 f   bspfile.obj
 0001:000051f0       _GetBspFileExtension       004061f0 f   bspfile.obj
 0001:00005220       _GetPolyFileExtension      00406220 f   bspfile.obj
 0001:00005430       _LoadBspFile               00406430 f   bspfile.obj
 0001:00006570       _SetKeyValue               00407570 f   bspfile.obj
 0001:000065a0       ?I_strlen@@YAIPBD@Z        004075a0 f i cmdlib.obj
 0001:000065c0       _Error                     004075c0 f   cmdlib.obj
 0001:000065e0       _SetErrorHandler           004075e0 f   cmdlib.obj
 0001:00006630       _Q_filelength              00407630 f   cmdlib.obj
 0001:00006670       _SafeRead                  00407670 f   cmdlib.obj
 0001:000066d0       _SafeWrite                 004076d0 f   cmdlib.obj
 0001:00006730       _LoadFile                  00407730 f   cmdlib.obj
 0001:000067c0       _StripExtension            004077c0 f   cmdlib.obj
 0001:00006810       _qprintf                   00407810 f   cmdlib.obj
 0001:00006830       ?PreviousFolder@@YAPBDPBD0@Z 00407830 f   cmdlib.obj
 0001:000068e0       _SetQdirFromPath           004078e0 f   cmdlib.obj
 0001:00006aa0       ?Com_PrintError@@YAXHPBDZZ 00407aa0 f   cmdlib.obj
 0001:00006aa0       ?Com_PrintWarning@@YAXHPBDZZ 00407aa0 f   cmdlib.obj
 0001:00006aa0       ?Com_Printf@@YAXHPBDZZ     00407aa0 f   cmdlib.obj
 0001:00006ad0       _InitFileSystem            00407ad0 f   cmdlib_filesystem.obj
 0001:00007350       ?PCL_Usage@@YAXXZ          00408350 f   cmdline.obj
 0001:00007440       ?ParseCommandLine@@YA_NHQAPAD@Z 00408440 f   cmdline.obj
 0001:00007660       ?Com_Error@@YAXW4errorParm_t@@PBDZZ 00408660 f   cod2rad.obj
 0001:000076c0       ?Sys_IsMainThread@@YA_NXZ  004086c0 f   cod2rad.obj
 0001:000076d0       _main                      004086d0 f   cod2rad.obj
 0001:00007850       ?Vec3Lerp@@YAXQBM0MQAM@Z   00408850 f i compile.obj
 0001:00007890       ?Vec3Dot@@YAMQBM0@Z        00408890 f i compile.obj
 0001:00007c40       ?GatherSurfaceIncidentEnergyForLightFromDir@@YAXQBM0QAY02M@Z 00408c40 f i compile.obj
 0001:00007cd0       ?AddLightingForBasisDirs@@YAXPBULightingSampleVars@@QAY02M@Z 00408cd0 f   compile.obj
 0001:00007e90       ?AddSimpleLightmapLighting@@YAXPBULightingSampleVars@@QAM@Z 00408e90 f   compile.obj
 0001:000080e0       ?ApplySkyLightingToSampleVars@@YAXPAULightingSampleVars@@@Z 004090e0 f   compile.obj
 0001:00008cb0       ?Compile@@YAXH@Z           00409cb0 f   compile.obj
 0001:000091d0       ?FindLightingSamplesAndNormalFromPointInDirWithLength@@YA?AW4TraceHitResult@@QBM0M_NPAUWeightedSample@@PAHQAM4@Z 0040a1d0 f   compile.obj
 0001:00009a80       ?FindLightingTransfers@@YA_NHHQBM00QAY02$$CBMMMPAULightingSubSample@@@Z 0040aa80 f   compile.obj
 0001:00009ce0       ?I_fmax@@YAMMM@Z           0040ace0 f i geometry.obj
 0001:00009d20       ?Vec2Compare@@YAHQBM0@Z    0040ad20 f i geometry.obj
 0001:00009d50       ?Vec3Compare@@YAHQBM0@Z    0040ad50 f i geometry.obj
 0001:00009d90       ?Vec3Cross@@YAXQBM0QAM@Z   0040ad90 f i geometry.obj
 0001:00009e20       ?Vec3Normalize@@YAMQAM@Z   0040ae20 f i geometry.obj
 0001:00009ea0       ?Vec4Copy@@YAXQBMQAM@Z     0040aea0 f i geometry.obj
 0001:0000a180       ?AddTriangles@@YAXPBUDiskTriangleSoup@@HPBUorientation_t@@@Z 0040b180 f   geometry.obj
 0001:0000a470       ?AddInvisibleOpaqueTriangle@@YAXPBUMaskedMaterial@@QBM11111@Z 0040b470 f   geometry.obj
 0001:0000abd0       ?SweepPointThroughModelTriangle@@YAXPBUModelCollisionTri@@_NPAUTraceWork@@@Z 0040bbd0 f   geometry.obj
 0001:0000af90       ?TraceWorld@@YAXPAUTraceWork@@@Z 0040bf90 f   geometry.obj
 0001:0000afc0       ?TraceSetup@@YAXQBM000PAUTraceWork@@@Z 0040bfc0 f   geometry.obj
 0001:0000b120       ?GetHitWeightFromSampleMask@@YAMI@Z 0040c120 f   geometry.obj
 0001:0000b1c0       ?GetTraceVisibility@@YAMPBUTraceOutput@@@Z 0040c1c0 f   geometry.obj
 0001:0000b210       ?IsPointOutsideMapBounds@@YA_NQBM@Z 0040c210 f   geometry.obj
 0001:0000b340       ?IsPointInAnyOpaqueBrush@@YA_NQBM@Z 0040c340 f   geometry.obj
 0001:0000b4d0       ?InitGeometry@@YAXXZ       0040c4d0 f   geometry.obj
 0001:0000d8b0       ?SetLightingSampleAreas@@YAXH@Z 0040e8b0 f   geometry.obj
 0001:0000d8d0       ?SetLightingSampleColors@@YAXH@Z 0040e8d0 f   geometry.obj
 0001:0000d8f0       ?BuildLightTransfers@@YAXH@Z 0040e8f0 f   geometry.obj
 0001:0000d950       ?ForEachLightmapPixelInPoly@@YAXP6AXMQBMQAY01$$CBMHPAXH@ZHH@Z 0040e950 f   geometry.obj
 0001:0000ebd0       ?NeedToTraceGridPoint@@YA_NHQBMH@Z 0040fbd0 f   geometry.obj
 0001:0000ee00       ?BuildCollision@@YAXXZ     0040fe00 f   geometry.obj
 0001:0000eff0       ?GetTriangleCount@@YAHXZ   0040fff0 f   geometry.obj
 0001:0000f140       ?SetTriangleType@@YAXPAULitTriangle@@@Z 00410140 f   geometry.obj
 0001:0000f240       ?IsPointAboveMap@@YA_NQBM@Z 00410240 f   geometry.obj
 0001:0000f370       ?IsPointUnderGround@@YA_NQBM@Z 00410370 f   geometry.obj
 0001:0000f3a0       ?Image_ValidateHeader@@YA_NPAUGfxImageFileHeader@@PBD@Z 004103a0 f   gfx_imports.obj
 0001:0000f540       ?AddStaticModelToGroundLitList@@YAXPAUentity_t@@QAY02$$CBMIQBMM2@Z 00410540 f   groundlight.obj
 0001:0000fab0       ?CalculateGroundLightingForAllStaticModels@@YAXXZ 00410ab0 f   groundlight.obj
 0001:0000fb50       ?CosOfSumOfArcCos@@YAMMM@Z 00410b50 f i lightgrid.obj
 0001:0000fbb0       ?Vec3DistanceSq@@YAMQBM0@Z 00410bb0 f i lightgrid.obj
 0001:0000ffc0       ?AddStaticModelLightGridSample@@YAXQBM@Z 00410fc0 f   lightgrid.obj
 0001:000105c0       ?IsWorldSpacePointInLightGrid@@YA_NQBM@Z 004115c0 f   lightgrid.obj
 0001:00010e80       ?GatherIncidentEnergyInSpaceForLightFromDir@@YAXQBM0QAY02M@Z 00411e80 f   lightgrid.obj
 0001:00011020       ?GatherIncidentEnergyInSpaceForCoincidentLight@@YAXQBMQAY02M@Z 00412020 f   lightgrid.obj
 0001:00013070       ??$_Push_heap@PAUGridSamplePoint@@HU1@P6A_NABU1@0@Z@std@@YAXPAUGridSamplePoint@@HHU1@P6A_NABU1@2@Z@Z 00414070 f i lightgrid.obj
 0001:00013120       ??$_Rotate@PAUGridSamplePoint@@HU1@@std@@YAXPAUGridSamplePoint@@00PAH0@Z 00414120 f i lightgrid.obj
 0001:00013250       ??$_Med3@PAUGridSamplePoint@@P6A_NABU1@0@Z@std@@YAXPAUGridSamplePoint@@00P6A_NABU1@1@Z@Z 00414250 f i lightgrid.obj
 0001:00013320       ??$_Adjust_heap@PAUGridSamplePoint@@HU1@P6A_NABU1@0@Z@std@@YAXPAUGridSamplePoint@@HHU1@P6A_NABU1@2@Z@Z 00414320 f i lightgrid.obj
 0001:00013410       ??$_Pop_heap@PAUGridSamplePoint@@HU1@P6A_NABU1@0@Z@std@@YAXPAUGridSamplePoint@@00U1@P6A_NABU1@2@ZPAH@Z 00414410 f i lightgrid.obj
 0001:00013ae0       ??$_Median@PAUGridSamplePoint@@P6A_NABU1@0@Z@std@@YAXPAUGridSamplePoint@@00P6A_NABU1@1@Z@Z 00414ae0 f i lightgrid.obj
 0001:00013b90       ??$_Make_heap@PAUGridSamplePoint@@HU1@P6A_NABU1@0@Z@std@@YAXPAUGridSamplePoint@@0P6A_NABU1@1@ZPAH0@Z 00414b90 f i lightgrid.obj
 0001:00013f20       ??$_Unguarded_partition@PAUGridSamplePoint@@P6A_NABU1@0@Z@std@@YA?AU?$pair@PAUGridSamplePoint@@PAU1@@0@PAUGridSamplePoint@@0P6A_NABU2@1@Z@Z 00414f20 f i lightgrid.obj
 0001:00014200       ??$_Insertion_sort@PAUGridSamplePoint@@P6A_NABU1@0@Z@std@@YAXPAUGridSamplePoint@@0P6A_NABU1@1@Z@Z 00415200 f i lightgrid.obj
 0001:000142a0       ??$_Sort_heap@PAUGridSamplePoint@@P6A_NABU1@0@Z@std@@YAXPAUGridSamplePoint@@0P6A_NABU1@1@Z@Z 004152a0 f i lightgrid.obj
 0001:00014320       ??$_Sort@PAUGridSamplePoint@@HP6A_NABU1@0@Z@std@@YAXPAUGridSamplePoint@@0HP6A_NABU1@1@Z@Z 00415320 f i lightgrid.obj
 0001:000145f0       ?CalculateLightGrid@@YAXH@Z 004155f0 f   lightgrid.obj
 0001:00014820       ??1bad_alloc@std@@UAE@XZ   00415820 f i lighting.obj
 0001:00014830       ??_Gbad_alloc@std@@UAEPAXI@Z 00415830 f i lighting.obj
 0001:00014830       ??_Ebad_alloc@std@@UAEPAXI@Z 00415830 f i lighting.obj
 0001:000148e0       ?RegisterLightmap@@YAXH@Z  004158e0 f   lighting.obj
 0001:00014950       ?InitLightingSamples@@YAXXZ 00415950 f   lighting.obj
 0001:00014a40       ?GetLightingSample@@YAPAULightingSample@@HHH@Z 00415a40 f   lighting.obj
 0001:00014ae0       ?GetLightingSubSample@@YAXHMMPAULightingSubSample@@@Z 00415ae0 f   lighting.obj
 0001:00014c90       ?ForEachUsefulLightingSample@@YAXP6AXPAULightingSample@@H@ZH@Z 00415c90 f   lighting.obj
 0001:00014d30       ?LightingSampleAreasFinished@@YAXXZ 00415d30 f   lighting.obj
 0001:00014f80       ?LightingSampleColorsFinished@@YAXXZ 00415f80 f   lighting.obj
 0001:00014fb0       ?InitBasisDirs@@YAXXZ      00415fb0 f   lighting.obj
 0001:00015130       ?Degamma@@YAMM@Z           00416130 f   lighting.obj
 0001:00015180       ?DegammaColor@@YAXQAM@Z    00416180 f   lighting.obj
 0001:000151c0       ?GammaCorrect@@YAMM@Z      004161c0 f   lighting.obj
 0001:00015230       ?GammaCorrectColor@@YAXQAM@Z 00416230 f   lighting.obj
 0001:00015270       ?EncodeFloatInByte@@YAEM@Z 00416270 f   lighting.obj
 0001:00015c00       ?ReadLightmapSample_Secondary@@YAXHHHQBMQAM@Z 00416c00 f   lighting.obj
 0001:00015cc0       ?ReadLightmapSample_Primary@@YAMHHH@Z 00416cc0 f   lighting.obj
 0001:00015d10       ?AdjustLightingContrast@@YAXHHQAY02M@Z 00416d10 f   lighting.obj
 0001:00016cb0       ?NormalizeLightTransfers@@YAXH@Z 00417cb0 f   lighting.obj
 0001:00016ce0       ?InitBleeding@@YAXXZ       00417ce0 f   lighting.obj
 0001:00016cf0       ?FindBleeding@@YAXH@Z      00417cf0 f   lighting.obj
 0001:00016d00       ?ApplySkyLightingWork@@YAXHH@Z 00417d00 f   lighting.obj
 0001:00016d20       ?ApplySkyLighting@@YAXH@Z  00417d20 f   lighting.obj
 0001:00016d70       ?SaveForRelight@@YAXXZ     00417d70 f   lighting.obj
 0001:00017170       ?LoadForRelight@@YA_NXZ    00418170 f   lighting.obj
 0001:000173a0       ?WasSuppressedLightingSubSample@@YA_NHH@Z 004183a0 f   lighting.obj
 0001:00017440       ?RememberSuppressedLightingSubSample@@YAXHHH@Z 00418440 f   lighting.obj
 0001:00017580       ??0bad_alloc@std@@QAE@ABV01@@Z 00418580 f i lighting.obj
 0001:00017a50       ?BuildFinalLightmaps@@YAXH@Z 00418a50 f   lighting.obj
 0001:00017bc0       ?Lmap_InitBilinearBleeding@@YAXH@Z 00418bc0 f   lightmap_bleed.obj
 0001:00017c20       ?Lmap_FindBilinearBleeding@@YAXH@Z 00418c20 f   lightmap_bleed.obj
 0001:00017c40       ?Lmap_GetBleedWeight_Primary@@YAMHHHHH@Z 00418c40 f   lightmap_bleed.obj
 0001:00017ca0       ?Lmap_GetBleedWeight_SimpleLightmap@@YAMHHHHH@Z 00418ca0 f   lightmap_bleed.obj
 0001:00017ca0       ?Lmap_GetBleedWeight_Secondary@@YAMHHHHH@Z 00418ca0 f   lightmap_bleed.obj
 0001:00018370       ?SetupLinearMapping@@YA_NQBM000PAULinearMappingSolver@@@Z 00419370 f   linearmapping.obj
 0001:00018400       ?SolveLinearMapping@@YAXPBULinearMappingSolver@@MMMQAM@Z 00419400 f   linearmapping.obj
 0001:00018470       ?I_fclamp@@YAMMMM@Z        00419470 f i mapio.obj
 0001:00019660       ?Map_Read@@YA_NPBD@Z       0041a660 f   mapio.obj
 0001:000196d0       ?Map_Write@@YAXPBD@Z       0041a6d0 f   mapio.obj
 0001:000199f0       ?RegisterMaskedMaterial@@YAPBUMaskedMaterial@@PBDI@Z 0041a9f0 f   maskedmaterial.obj
 0001:0001a040       ?MtlRaw_Register@@YAPBULoadedMaterial@@PBDI@Z 0041b040 f   materials.obj
 0001:0001a190       ?MatrixTransformVector@@YAXQBMQAY02$$CBMQAM@Z 0041b190 f i modelcollision.obj
 0001:0001a360       ?BuildModelCollision@@YAXQBM0@Z 0041b360 f   modelcollision.obj
 0001:0001a670       ?BuildStaticModelCollisionMesh@@YAPBUModelCollisionMesh@@PBUXModel@@@Z 0041b670 f   modelcollision.obj
 0001:0001aaf0       ?AddStaticModelCollision@@YAXPBUXModel@@QBMPBUorientation_t@@_N@Z 0041baf0 f   modelcollision.obj
 0001:0001b080       ?TraceStaticModels@@YAXPAUTraceWork@@@Z 0041c080 f   modelcollision.obj
 0001:0001b0f0       ??$_Destroy_range@UGridPoint@@V?$allocator@UGridPoint@@@std@@@std@@YAXPAUGridPoint@@0AAV?$allocator@UGridPoint@@@0@U_Nonscalar_ptr_iterator_tag@0@@Z 0041c0f0 f i oldgrid.obj
 0001:0001b150       ??$_Destroy_range@UCellData@@V?$allocator@UCellData@@@std@@@std@@YAXPAUCellData@@0AAV?$allocator@UCellData@@@0@U_Nonscalar_ptr_iterator_tag@0@@Z 0041c150 f i oldgrid.obj
 0001:0001b430       ?AddPointLight@@YAXHQBMM0PBD@Z 0041c430 f   pointlights.obj
 0001:0001b460       ?AddSpotLight@@YAXHQBMM0PBD0MMH@Z 0041c460 f   pointlights.obj
 0001:0001b4d0       ?GetPointLightCount@@YAHXZ 0041c4d0 f   pointlights.obj
 0001:0001b4e0       ?PointLightEvaluatePoint@@YA?AW4LightInfluenceType@@HHQBM000QAM1PAM@Z 0041c4e0 f   pointlights.obj
 0001:0001bec0       ?GetPrimaryLightAttenuation@@YAMHQBM0@Z 0041cec0 f   pointlights.obj
 0001:0001bf20       ?AreaX2AndCentroidFor2dPoly@@YA?BMQAY01$$CBMHQAM@Z 0041cf20 f   poly2d.obj
 0001:0001c0e0       ?Split2dPolyAlongAxis@@YAXQAY01$$CBMHHMQAY01MPAH12@Z 0041d0e0 f   poly2d.obj
 0001:0001c4b0       ?ForEach2dArea@@YAXQAY1O@1MHHHMMMMP6AXMQBMQAY01$$CBMHPAXH@Z3@Z 0041d4b0 f   poly2d.obj
 0001:0001c710       ?Map_ReadPolyFile@@YAXPBD@Z 0041d710 f   polyfile.obj
 0001:0001c9d0       ?FreeWinding@@YAXPAUwinding_t@@@Z 0041d9d0 f   polylib.obj
 0001:0001c9e0       ?BaseWindingForPlane@@YAPAUwinding_t@@QBMM@Z 0041d9e0 f   polylib.obj
 0001:0001cc80       ?CopyWinding@@YAPAUwinding_t@@PBU1@@Z 0041dc80 f   polylib.obj
 0001:0001cce0       ?ClipWindingEpsilonInPlace@@YA?AW4SideClassification@@PBUwinding_t@@QBMMMPAPAU2@2@Z 0041dce0 f   polylib.obj
 0001:0001d1f0       ?ClipWindingEpsilon@@YA?AW4SideClassification@@PBUwinding_t@@QBMMMPAPAU2@2H@Z 0041e1f0 f   polylib.obj
 0001:0001d270       ?ChopWindingInPlace@@YAXPAPAUwinding_t@@QBMMM@Z 0041e270 f   polylib.obj
 0001:0001d550       ?PrintMsg@@YAXPBDZZ        0041e550 f   print.obj
 0001:0001d580       ?WarningMsg@@YAXHPBDZZ     0041e580 f   print.obj
 0001:0001d5b0       ?ErrorMsgV@@YAXPBDPAD@Z    0041e5b0 f   print.obj
 0001:0001d610       ?ErrorMsg@@YAXPBDZZ        0041e610 f   print.obj
 0001:0001d630       ?PrintMsecDuration@@YAXH@Z 0041e630 f   print.obj
 0001:0001d6d0       ?UpdateProgressPrint@@YAXXZ 0041e6d0 f   print.obj
 0001:0001d7e0       ?BeginProgress@@YAXPBD@Z   0041e7e0 f   print.obj
 0001:0001d830       ?SetProgress@@YAXHH@Z      0041e830 f   print.obj
 0001:0001d850       ?UpdateProgress@@YAXH@Z    0041e850 f   print.obj
 0001:0001d870       ?EndProgress@@YAXXZ        0041e870 f   print.obj
 0001:0001d8b0       _PlatformSelect            0041e8b0 f   targetplatform.obj
 0001:0001d950       ?ListPlatformCmdLineOptions@@YAXXZ 0041e950 f   targetplatform.obj
 0001:0001d980       _IsPlatformValid           0041e980 f   targetplatform.obj
 0001:0001da90       ?ForEachQuantum@@YAXHP6AXHH@ZH@Z 0041ea90 f   threads.obj
 0001:0001daf0       ?AcquireThreadLock@@YAXPBX@Z 0041eaf0 f   threads.obj
 0001:0001db60       ?ReleaseThreadLock@@YAXPBX@Z 0041eb60 f   threads.obj
 0001:0001dba0       ?CM_CalcTraceExtents@@YAXPAUTraceExtents@@@Z 0041eba0 f   cm_tracebox.obj
 0001:0001dc30       ?CM_TraceBox@@YAHPBUTraceExtents@@QBM1M@Z 0041ec30 f   cm_tracebox.obj
 0001:0001de00       ?LocalConvertQuatToMat@@YAXPBUDObjAnimMat@@QAY02M@Z 0041ee00 f i dobj.obj
 0001:0001e750       ?DObjCreate@@YAXPAUDObjModel_s@@IPAUXAnimTree_s@@PAXI@Z 0041f750 f   dobj.obj
 0001:0001e840       ?DObjFree@@YAXPAUDObj_s@@@Z 0041f840 f   dobj.obj
 0001:0001e920       ?DObjGetSurface@@YAPAUXSurface@@PBUDObj_s@@HHH@Z 0041f920 f   dobj.obj
 0001:0001e9a0       ?DObjGetSurfaceName@@YAPBDPAUDObj_s@@HHH@Z 0041f9a0 f   dobj.obj
 0001:0001ea50       ?DObjGetBoneName@@YAPBDPBUDObj_s@@H@Z 0041fa50 f   dobj.obj
 0001:0001eb20       ?DObjCalcAnim@@YAXPBUDObj_s@@QAH@Z 0041fb20 f   dobj.obj
 0001:0001ed10       ?DObjDumpInfo@@YAXPBUDObj_s@@@Z 0041fd10 f   dobj.obj
 0001:0001ee60       ?LocalQuatMultiplyEquals@@YAXQBMQAM@Z 0041fe60 f i dobj_skel.obj
 0001:0001ef10       ?LocalMatrixTransformVectorQuatTransEquals@@YAXPBUDObjAnimMat@@QAM@Z 0041ff10 f i dobj_skel.obj
 0001:0001ef90       ?LocalQuatMultiplyReverseEquals@@YAXQBMQAM@Z 0041ff90 f i dobj_skel.obj
 0001:0001f040       ?LocalQuatMultiplyReverseInverse@@YAXQBM0QAM@Z 00420040 f i dobj_skel.obj
 0001:0001fd70       ?DObjCalcSkel@@YAXPBUDObj_s@@QAH@Z 00420d70 f   dobj_skel.obj
 0001:00020090       ?DObjGetSurfaces@@YAHPBUDObj_s@@QAHQBD@Z 00421090 f   dobj_utils.obj
 0001:00020240       ?DObjCreateSkel@@YAXPBUDObj_s@@PADH@Z 00421240 f   dobj_utils.obj
 0001:000202f0       ?XModelReadSurface@@YAXPAUXModel@@PAPBEP6APAXH@ZPAUXSurface@@H@Z 004212f0 f   r_xsurface_load_obj.obj
 0001:000214d0       ?MT_Init@@YAXXZ            004224d0 f   scr_memorytree.obj
 0001:00021620       ?MT_AllocIndex@@YAGHH@Z    00422620 f   scr_memorytree.obj
 0001:00021830       ?MT_FreeIndex@@YAXIH@Z     00422830 f   scr_memorytree.obj
 0001:000219f0       ?MT_Alloc@@YAPAXHH@Z       004229f0 f   scr_memorytree.obj
 0001:00021a20       ?MT_Free@@YAXPAXH@Z        00422a20 f   scr_memorytree.obj
 0001:00021af0       ?SL_ConvertToString@@YAPBDI@Z 00422af0 f   scr_stringlist.obj
 0001:00021b10       ?SL_DebugConvertToString@@YAPBDI@Z 00422b10 f   scr_stringlist.obj
 0001:00021bd0       ?SL_Init@@YAXXZ            00422bd0 f   scr_stringlist.obj
 0001:00021cc0       _SL_GetStringOfSize        00422cc0 f   scr_stringlist.obj
 0001:00022590       ?SL_RemoveRefToStringOfSize@@YAXII@Z 00423590 f   scr_stringlist.obj
 0001:000225c0       ?Vec4Compare@@YAHQBM0@Z    004235c0 f i xmodel.obj
 0001:00022610       ?XModelBad@@YAHPBUXModel@@@Z 00423610 f   xmodel.obj
 0001:00022640       ?XModelPartsFindData@@YAPAUXModelPartsLoad@@PBD@Z 00423640 f   xmodel.obj
 0001:00022660       ?XModelPartsSetData@@YAXPBDPAUXModelPartsLoad@@P6APAXH@Z@Z 00423660 f   xmodel.obj
 0001:00022680       ?XModelSurfsFindData@@YAPAUXModelSurfs@@PBD@Z 00423680 f   xmodel.obj
 0001:000226a0       ?XModelSurfsSetData@@YAXPBDPAUXModelSurfs@@P6APAXH@Z@Z 004236a0 f   xmodel.obj
 0001:000226c0       ?XModelPrecache@@YAPAUXModel@@PBDP6APAXH@Z1@Z 004236c0 f   xmodel.obj
 0001:00022710       ?XModelGetRadius@@YAMPBUXModel@@@Z 00423710 f   xmodel.obj
 0001:00022720       ?QuatMultiply@@YAXPBM0PAM@Z 00423720 f i xmodel_load_obj.obj
 0001:00023440       ?XModelCopyXModelParts@@YAXPBUXModelPartsLoad@@PAUXModel@@@Z 00424440 f   xmodel_load_obj.obj
 0001:00023800       ?R_GetXModelBounds@@YAXPAUXModel@@QAY02$$CBMQAM2@Z 00424800 f   xmodel_load_obj.obj
 0001:00024190       ?R_GetXModelSamplePoints@@YAIPBUXModel@@QAY02MI@Z 00425190 f   xmodel_load_obj.obj
 0001:00024c80       ?XModelLoad@@YAPAUXModel@@PBDP6APAXH@Z1@Z 00425c80 f   xmodel_load_obj.obj
 0001:00024ca0       ?XModelGetName@@YAPBDPBUXModel@@@Z 00425ca0 f   xmodel_utils.obj
 0001:00024cd0       ?XModelGetSurfaces@@YAHPBUXModel@@PAPAUXSurface@@H@Z 00425cd0 f   xmodel_utils.obj
 0001:00024dc0       ?XModelGetSurfCount@@YAIPBUXModel@@H@Z 00425dc0 f   xmodel_utils.obj
 0001:00024e20       ?XModelNumBones@@YAHPBUXModel@@@Z 00425e20 f   xmodel_utils.obj
 0001:00024e30       ?XModelGetBoneIndex@@YAHPBUXModel@@IIPAE@Z 00425e30 f   xmodel_utils.obj
 0001:00024ef0       ?XModelGetBasePose@@YAPBUDObjAnimMat@@PBUXModel@@@Z 00425ef0 f   xmodel_utils.obj
 0001:00025ba0       ?Assert_DoStackTrace@@YAHPADHH@Z 00426ba0 f   assertive.obj
 0001:00025e30       _Assert_MyHandler          00426e30 f   assertive.obj
 0001:00025fc0       ?FS_HashFileName@@YAJPBDH@Z 00426fc0 f   com_files.obj
 0001:00026020       ?FS_HandleForFile@@YAHW4FsThread@@@Z 00427020 f   com_files.obj
 0001:00026160       ?FS_FileForHandle@@YAPAU_iobuf@@H@Z 00427160 f   com_files.obj
 0001:000261f0       ?FS_filelength@@YAHH@Z     004271f0 f   com_files.obj
 0001:00026290       ?FS_ReplaceSeparators@@YAXPAD@Z 00427290 f   com_files.obj
 0001:00026410       ?FS_CreatePath@@YAHPAD@Z   00427410 f   com_files.obj
 0001:00026480       ?FS_CopyFile@@YAXPAD0@Z    00427480 f   com_files.obj
 0001:00026560       ?FS_FCloseFile@@YAXH@Z     00427560 f   com_files.obj
 0001:00026680       ?FS_FilenameCompare@@YAHPBD0@Z 00427680 f   com_files.obj
 0001:00026ef0       ?FS_Read@@YAHPAXHH@Z       00427ef0 f   com_files.obj
 0001:00026fe0       _FS_ReadFile               00427fe0 f   com_files.obj
 0001:000270a0       _FS_FreeFile               004280a0 f   com_files.obj
 0001:00027490       ?FS_PathCmp@@YAHPBD0@Z     00428490 f   com_files.obj
 0001:00027520       ?FS_DisplayPath@@YAXH@Z    00428520 f   com_files.obj
 0001:00027d40       ?FS_Startup@@YAXPBD@Z      00428d40 f   com_files.obj
 0001:000282a0       ?FS_InitFilesystem@@YAXXZ  004292a0 f   com_files.obj
 0001:00028300       ?PointOnSphereFromUniformDeviates@@YAXMMQAM@Z 00429300 f   com_math.obj
 0001:00028380       ?UniformPointsInCircle@@YAXIPAXI@Z 00429380 f   com_math.obj
 0001:00028490       ?UniformPointsOnHemisphere@@YAXIPAXI@Z 00429490 f   com_math.obj
 0001:000285a0       ?UniformPointsOnSphere@@YAXIPAXI@Z 004295a0 f   com_math.obj
 0001:000286d0       ?Vec2DistanceSq@@YAMQBM0@Z 004296d0 f   com_math.obj
 0001:00028710       ?Vec3MajorAxis@@YAHQBM@Z   00429710 f   com_math.obj
 0001:00028790       ?Vec2Normalize@@YAMQAM@Z   00429790 f   com_math.obj
 0001:00028800       ?Vec3NormalizeTo@@YAMQBMQAM@Z 00429800 f   com_math.obj
 0001:00028880       ?Vec3Max@@YAMQBM@Z         00429880 f   com_math.obj
 0001:000288d0       ?MatrixInverse@@YAXQAY02$$CBMQAY02M@Z 004298d0 f   com_math.obj
 0001:00028a30       _ClearBounds               00429a30 f   com_math.obj
 0001:00028a60       ?ClearBounds2D@@YAXQAM0@Z  00429a60 f   com_math.obj
 0001:00028a90       ?AddPointToBounds@@YAXQBMQAM1@Z 00429a90 f   com_math.obj
 0001:00028b20       ?AddPointToBounds2D@@YAXQBMQAM1@Z 00429b20 f   com_math.obj
 0001:00028b80       ?PointInBounds@@YAHQBM00@Z 00429b80 f   com_math.obj
 0001:00028c60       ?ExpandBounds@@YAXQBM0QAM1@Z 00429c60 f   com_math.obj
 0001:00028cf0       _GetRotatedBounds          00429cf0 f   com_math.obj
 0001:00028db0       ?DistanceFromConeToPoint@@YAMQBM0M0@Z 00429db0 f   com_math.obj
 0001:00028f70       ?AngleVectors@@YAXQBMQAM11@Z 00429f70 f   com_math_anglevectors.obj
 0001:000290b0       ?AnglesToAxis@@YAXQBMQAY02M@Z 0042a0b0 f   com_math_anglevectors.obj
 0001:000291c0       _Z_VirtualReserve          0042a1c0 f   com_memory.obj
 0001:000292a0       _Z_VirtualCommitInternal   0042a2a0 f   com_memory.obj
 0001:00029300       _Z_FreeInternal            0042a300 f   com_memory.obj
 0001:00029360       _Z_MallocInternal          0042a360 f   com_memory.obj
 0001:000293a0       _CopyStringInternal        0042a3a0 f   com_memory.obj
 0001:00029420       _FreeStringInternal        0042a420 f   com_memory.obj
 0001:000294a0       _Hunk_FindDataForFile      0042a4a0 f   com_memory.obj
 0001:000294d0       _Hunk_SetDataForFile       0042a4d0 f   com_memory.obj
 0001:000295c0       _Hunk_AllocateTempMemoryInternal 0042a5c0 f   com_memory.obj
 0001:000296e0       _Hunk_FreeTempMemory       0042a6e0 f   com_memory.obj
 0001:000297b0       ?Hunk_UserCreate@@YAPAUHunkUser@@HPBD_N11H@Z 0042a7b0 f   com_memory.obj
 0001:00029890       ?Hunk_UserAlloc@@YAPAXPAUHunkUser@@HH@Z 0042a890 f   com_memory.obj
 0001:00029a50       ?Hunk_UserDestroy@@YAXPAUHunkUser@@@Z 0042aa50 f   com_memory.obj
 0001:00029a90       ?Hunk_CopyString@@YAPADPAUHunkUser@@PBD@Z 0042aa90 f   com_memory.obj
 0001:00029ae0       ?Vec3PackUnitVec@@YA?ATPackedUnitVec@@QBM@Z 0042aae0 f   com_pack.obj
 0001:00029b70       ?Vec3UnpackUnitVec@@YAXTPackedUnitVec@@QAM@Z 0042ab70 f   com_pack.obj
 0001:00029be0       ?Vec2PackTexCoords@@YA?ATPackedTexCoords@@QBM@Z 0042abe0 f   com_pack.obj
 0001:00029c80       ?Vec2UnpackTexCoords@@YAXTPackedTexCoords@@QAM@Z 0042ac80 f   com_pack.obj
 0001:00029d20       ?Com_Filter@@YA_NPBD0H@Z   0042ad20 f   com_shared.obj
 0001:00029f70       ?Com_FilterPath@@YA_NPBD0H@Z 0042af70 f   com_shared.obj
 0001:0002a020       ?_copyDWord@@YAXPAIII@Z    0042b020 f   com_shared.obj
 0001:0002a0b0       ?Com_Memset@@YAXPAXHH@Z    0042b0b0 f   com_shared.obj
 0001:0002a160       _Com_Memcpy                0042b160 f   com_shared.obj
 0001:0002aed0       ?Dvar_DisplayableResetValue@@YAPBDPBUdvar_s@@@Z 0042bed0 f   dvar.obj
 0001:0002af20       ?Dvar_DisplayableLatchedValue@@YAPBDPBUdvar_s@@@Z 0042bf20 f   dvar.obj
 0001:0002b270       ?Dvar_ValueInDomain@@YA_NETDvarValue@@TDvarLimits@@@Z 0042c270 f   dvar.obj
 0001:0002b8d0       ?Dvar_PrintDomain@@YAXETDvarLimits@@@Z 0042c8d0 f   dvar.obj
 0001:0002c140       ?Dvar_FindVar@@YAPBUdvar_s@@PBD@Z 0042d140 f   dvar.obj
 0001:0002c190       ?Dvar_ClearModified@@YAXPBUdvar_s@@@Z 0042d190 f   dvar.obj
 0001:0002cff0       ?Dvar_RegisterBool@@YAPBUdvar_s@@PBD_NG0@Z 0042dff0 f   dvar.obj
 0001:0002d060       ?Dvar_RegisterInt@@YAPBUdvar_s@@PBDHHHG0@Z 0042e060 f   dvar.obj
 0001:0002d0c0       ?Dvar_RegisterString@@YAPBUdvar_s@@PBD0G0@Z 0042e0c0 f   dvar.obj
 0001:0002d2e0       ?Dvar_SetStringByName@@YAXPBD0@Z 0042e2e0 f   dvar.obj
 0001:0002d330       ?Dvar_Init@@YAXXZ          0042e330 f   dvar.obj
 0001:0002d360       ?Com_BeginParseSession@@YAXPBD@Z 0042e360 f   q_parse.obj
 0001:0002d440       ?Com_EndParseSession@@YAXXZ 0042e440 f   q_parse.obj
 0001:0002d960       ?Com_Parse@@YAPBDPAPBD@Z   0042e960 f   q_parse.obj
 0001:0002d9b0       ?Com_ParseOnLine@@YAPBDPAPBD@Z 0042e9b0 f   q_parse.obj
 0001:0002da00       ?Com_AssembleFilepath@@YAXPBD00PADH@Z 0042ea00 f   q_shared.obj
 0001:0002db60       ?Com_GetExtensionSubString@@YAPBDPBD@Z 0042eb60 f   q_shared.obj
 0001:0002dbc0       ?Com_StripExtension@@YAXPBDPAD@Z 0042ebc0 f   q_shared.obj
 0001:0002dc00       ?LittleLong@@YAHH@Z        0042ec00 f   q_shared.obj
 0001:0002dc10       ?ShortSwap@@YAFF@Z         0042ec10 f   q_shared.obj
 0001:0002dc30       ?ShortNoSwap@@YAFF@Z       0042ec30 f   q_shared.obj
 0001:0002dc40       ?LongSwap@@YAHH@Z          0042ec40 f   q_shared.obj
 0001:0002dc70       ?Long64Swap@@YA_K_K@Z      0042ec70 f   q_shared.obj
 0001:0002dd80       ?Long64NoSwap@@YA_K_K@Z    0042ed80 f   q_shared.obj
 0001:0002dd90       ?FloatReadSwap@@YAMH@Z     0042ed90 f   q_shared.obj
 0001:0002ddc0       ?FloatReadNoSwap@@YAMH@Z   0042edc0 f   q_shared.obj
 0001:0002ddd0       ?FloatWriteSwap@@YAHM@Z    0042edd0 f   q_shared.obj
 0001:0002de00       ?LongNoSwap@@YAHH@Z        0042ee00 f   q_shared.obj
 0001:0002de00       ?FloatWriteNoSwap@@YAHM@Z  0042ee00 f   q_shared.obj
 0001:0002de10       ?Swap_Init@@YAXXZ          0042ee10 f   q_shared.obj
 0001:0002dec0       ?I_islower@@YA_NH@Z        0042eec0 f   q_shared.obj
 0001:0002dee0       ?I_strncpyz@@YAXPADPBDH@Z  0042eee0 f   q_shared.obj
 0001:0002df70       ?I_strnicmp@@YAHPBD0H@Z    0042ef70 f   q_shared.obj
 0001:0002dfd0       ?I_strncmp@@YAHPBD0H@Z     0042efd0 f   q_shared.obj
 0001:0002e020       ?I_stristr@@YAPBDPBD0@Z    0042f020 f   q_shared.obj
 0001:0002e0f0       ?I_stricmp@@YAHPBD0@Z      0042f0f0 f   q_shared.obj
 0001:0002e150       ?I_stricmpwild@@YAHPBD0@Z  0042f150 f   q_shared.obj
 0001:0002e220       ?I_strlwr@@YAPADPAD@Z      0042f220 f   q_shared.obj
 0001:0002e250       ?Com_sprintf@@YAHPADHPBDZZ 0042f250 f   q_shared.obj
 0001:0002e280       ?CanKeepStringPointer@@YAHPBD@Z 0042f280 f   q_shared.obj
 0001:0002e2c0       ?va@@YAPADPBDZZ            0042f2c0 f   q_shared.obj
 0001:0002e340       ?OrientationPosToWorldPos@@YAXPBUorientation_t@@QBMQAM@Z 0042f340 f   q_shared.obj
 0001:0002e3d0       ?OrientationDirToWorldDir@@YAXPBUorientation_t@@QBMQAM@Z 0042f3d0 f   q_shared.obj
 0001:0002e450       ?Com_IsLegacyXModelName@@YAHPBD@Z 0042f450 f   q_shared.obj
 0001:0002e490       ?Sys_Mkdir@@YAXPBD@Z       0042f490 f   win_common.obj
 0001:0002e4a0       ?Sys_Cwd@@YAPBDXZ          0042f4a0 f   win_common.obj
 0001:0002e4c0       ?Sys_DefaultCDPath@@YAPBDXZ 0042f4c0 f   win_common.obj
 0001:0002e4d0       ?Sys_DefaultHomePath@@YAPBDXZ 0042f4d0 f   win_common.obj
 0001:0002e710       ?Sys_ListFiles@@YAPAPADPBD00PAHH@Z 0042f710 f   win_common.obj
 0001:0002ea00       ?Sys_FreeFileList@@YAXPAPAD@Z 0042fa00 f   win_common.obj
 0001:0002ea20       ?Sys_DirectoryHasContents@@YAHPBD@Z 0042fa20 f   win_common.obj
 0001:0002eb10       _z_1_1_4_adler32           0042fb10 f   adler32.obj
 0001:0002f970       _inflate_blocks_reset      00430970 f   infblock.obj
 0001:0002f9f0       _inflate_blocks_new        004309f0 f   infblock.obj
 0001:0002faa0       _inflate_blocks            00430aa0 f   infblock.obj
 0001:00030560       _inflate_blocks_free       00431560 f   infblock.obj
 0001:000305f0       _inflate_codes_new         004315f0 f   infcodes.obj
 0001:00030630       _inflate_codes             00431630 f   infcodes.obj
 0001:00030cd0       _inflate_codes_free        00431cd0 f   infcodes.obj
 0001:00030cf0       _z_1_1_4_inflate_fast      00431cf0 f   inffast.obj
 0001:000310a0       _z_1_1_4_inflateReset      004320a0 f   inflate.obj
 0001:000310f0       _z_1_1_4_inflateEnd        004320f0 f   inflate.obj
 0001:00031140       _z_1_1_4_inflateInit2_     00432140 f   inflate.obj
 0001:00031240       _z_1_1_4_inflate           00432240 f   inflate.obj
 0001:00031ae0       _inflate_trees_bits        00432ae0 f   inftrees.obj
 0001:00031b80       _inflate_trees_dynamic     00432b80 f   inftrees.obj
 0001:00031d00       _inflate_trees_fixed       00432d00 f   inftrees.obj
 0001:00031d30       _inflate_flush             00432d30 f   infutil.obj
 0001:00033300       __tr_stored_block          00434300 f   trees.obj
 0001:000333a0       __tr_flush_block           004343a0 f   trees.obj
 0001:000336b0       _unzReOpen                 004346b0 f   unzip.obj
 0001:00033700       _unzGetGlobalInfo          00434700 f   unzip.obj
 0001:00033ad0       _unzGetCurrentFileInfo     00434ad0 f   unzip.obj
 0001:00033b10       _unzGoToFirstFile          00434b10 f   unzip.obj
 0001:00033b60       _unzGoToNextFile           00434b60 f   unzip.obj
 0001:00033bd0       _unzGetCurrentFileInfoPosition 00434bd0 f   unzip.obj
 0001:00033bf0       _unzSetCurrentFileInfoPosition 00434bf0 f   unzip.obj
 0001:00033df0       _unzReadCurrentFile        00434df0 f   unzip.obj
 0001:00033f50       _unzCloseCurrentFile       00434f50 f   unzip.obj
 0001:00033fb0       _unzOpen                   00434fb0 f   unzip.obj
 0001:00034140       _unzClose                  00435140 f   unzip.obj
 0001:00034180       _unzOpenCurrentFile        00435180 f   unzip.obj
 0001:000342a0       _z_1_1_4_zcalloc           004352a0 f   zutil.obj
 0001:000342c0       _z_1_1_4_zcfree            004352c0 f   zutil.obj
 0001:00034470       ?Wavelet_DecompressLevel@@YAXPAE0PAUWaveletDecode@@@Z 00435470 f   r_image_wavelet.obj
 0001:00035f00       ?Image_GetRawPixels@@YAXPBDPAUGfxRawImage@@@Z 00436f00 f   r_imagedecode.obj
 0001:000361a0       ?R_GetLightDefImages@@YA_NPBDPAUGfxRawImage@@@Z 004371a0 f   r_light_load_obj.obj
 0001:00036220       ?XSurfaceGetNumVerts@@YAHPBUXSurface@@@Z 00437220 f   r_xsurface.obj
 0001:00036250       ?XSurfaceGetNumTris@@YAHPBUXSurface@@@Z 00437250 f   r_xsurface.obj
 0001:00036280       ?XSurfaceGetTris@@YAXPBUXSurface@@PAGG@Z 00437280 f   r_xsurface.obj
 0001:00036360       ?XSurfaceGetVerts@@YAXPBUXSurface@@PAM11@Z 00437360 f   r_xsurface.obj
 0001:00036400       ?XSurfaceTransfer@@YAXPBUXVertexBuffer@@PAUGfxPackedVertex@@1H@Z 00437400 f   r_xsurface.obj
 0001:00036750       ?Com_BlockChecksumKey32@@YAIPBXII@Z 00437750 f   md4.obj
 0001:000367fc       __fpclear                  004377fc f   LIBCMT:fpinit.obj
 0001:000367fc       __initp_misc_winxfltr      004377fc f   LIBCMT:winxfltr.obj
 0001:000367fd       __cfltcvt_init             004377fd f   LIBCMT:fpinit.obj
 0001:0003685d       __fpmath                   0043785d f   LIBCMT:fpinit.obj
 0001:00036940       _qsort                     00437940 f   LIBCMT:qsort.obj
 0001:00036be7       ??3@YAXPAX@Z               00437be7 f   LIBCMT:delete.obj
 0001:00036bec       ??0bad_alloc@std@@QAE@XZ   00437bec f i LIBCMT:new.obj
 0001:00036c05       ??2@YAPAXI@Z               00437c05 f   LIBCMT:new.obj
 0001:00036c70       __alloca_probe             00437c70     LIBCMT:chkstk.obj
 0001:00036c70       __chkstk                   00437c70 f   LIBCMT:chkstk.obj
 0001:00036ca0       _memcpy                    00437ca0 f   LIBCMT:memcpy.obj
 0001:00037005       _realloc                   00438005 f   LIBCMT:realloc.obj
 0001:00037220       __recalloc                 00438220 f   LIBCMT:realloc.obj
 0001:00037299       _free                      00438299 f   LIBCMT:free.obj
 0001:00037327       ??0_LocaleUpdate@@QAE@PAUlocaleinfo_struct@@@Z 00438327 f i LIBCMT:_ctype.obj
 0001:000373a9       __isalpha_l                004383a9 f i LIBCMT:_ctype.obj
 0001:000373fd       _isalpha                   004383fd f i LIBCMT:_ctype.obj
 0001:00037428       __isdigit_l                00438428 f i LIBCMT:_ctype.obj
 0001:00037477       _isdigit                   00438477 f i LIBCMT:_ctype.obj
 0001:000374a0       __isxdigit_l               004384a0 f i LIBCMT:_ctype.obj
 0001:000374f4       _isxdigit                  004384f4 f i LIBCMT:_ctype.obj
 0001:0003751f       __isspace_l                0043851f f i LIBCMT:_ctype.obj
 0001:0003756e       _isspace                   0043856e f i LIBCMT:_ctype.obj
 0001:00037597       __isalnum_l                00438597 f i LIBCMT:_ctype.obj
 0001:000375eb       _isalnum                   004385eb f i LIBCMT:_ctype.obj
 0001:00037616       __isprint_l                00438616 f i LIBCMT:_ctype.obj
 0001:0003766a       _isprint                   0043866a f i LIBCMT:_ctype.obj
 0001:000376a0       _memset                    004386a0 f   LIBCMT:memset.obj
 0001:0003771a       @__security_check_cookie@4 0043871a f   LIBCMT:secchk.obj
 0001:00037729       __amsg_exit                00438729 f   LIBCMT:crt0dat.obj
 0001:0003774d       ___crtCorExitProcess       0043874d f   LIBCMT:crt0dat.obj
 0001:00037773       ___crtExitProcess          00438773 f   LIBCMT:crt0dat.obj
 0001:00037788       __lockexit                 00438788 f   LIBCMT:crt0dat.obj
 0001:00037791       __unlockexit               00438791 f   LIBCMT:crt0dat.obj
 0001:000377b2       __initterm_e               004387b2 f   LIBCMT:crt0dat.obj
 0001:000377d2       __get_osplatform           004387d2 f   LIBCMT:crt0dat.obj
 0001:00037809       __get_winmajor             00438809 f   LIBCMT:crt0dat.obj
 0001:00037845       __cinit                    00438845 f   LIBCMT:crt0dat.obj
 0001:000379b9       _exit                      004389b9 f   LIBCMT:crt0dat.obj
 0001:000379ca       __exit                     004389ca f   LIBCMT:crt0dat.obj
 0001:000379db       __cexit                    004389db f   LIBCMT:crt0dat.obj
 0001:000379ea       __c_exit                   004389ea f   LIBCMT:crt0dat.obj
 0001:000379f9       __init_pointers            004389f9 f   LIBCMT:crt0dat.obj
 0001:00037a45       _printf                    00438a45 f   LIBCMT:printf.obj
 0001:00037af4       __get_printf_count_output  00438af4 f   LIBCMT:printf.obj
 0001:00037b0a       __fclose_nolock            00438b0a f   LIBCMT:fclose.obj
 0001:00037b7c       _fclose                    00438b7c f   LIBCMT:fclose.obj
 0001:00037bf8       _sprintf                   00438bf8 f   LIBCMT:sprintf.obj
 0001:00037c73       __fsopen                   00438c73 f   LIBCMT:fopen.obj
 0001:00037d37       _fopen                     00438d37 f   LIBCMT:fopen.obj
 0001:00037d4a       __strdup                   00438d4a f   LIBCMT:strdup.obj
 0001:00037db0       _strchr                    00438db0 f   LIBCMT:strchr.obj
 0001:00037db6       ___from_strstr_to_strchr   00438db6     LIBCMT:strchr.obj
 0001:00037e6e       _V6_HeapAlloc              00438e6e f   LIBCMT:malloc.obj
 0001:00037ebd       _malloc                    00438ebd f   LIBCMT:malloc.obj
 0001:00037f80       ___ascii_stricmp           00438f80 f   LIBCMT:stricmp.obj
 0001:00037fb5       __stricmp_l                00438fb5 f   LIBCMT:stricmp.obj
 0001:00038088       __stricmp                  00439088 f   LIBCMT:stricmp.obj
 0001:00038088       _stricmp                   00439088 f   LIBCMT:stricmp.obj
 0001:00038140       _sscanf                    00439140 f   LIBCMT:sscanf.obj
 0001:0003815f       _atol                      0043915f f   LIBCMT:atox.obj
 0001:00038170       _atoi                      00439170 f   LIBCMT:atox.obj
 0001:00038175       __atof_l                   00439175 f   LIBCMT:atof.obj
 0001:0003821e       _atof                      0043921e f   LIBCMT:atof.obj
 0001:0003822c       __fseek_nolock             0043922c f   LIBCMT:fseek.obj
 0001:000382b3       _fseek                     004392b3 f   LIBCMT:fseek.obj
 0001:00038338       __ftell_nolock             00439338 f   LIBCMT:ftell.obj
 0001:000384d0       _ftell                     004394d0 f   LIBCMT:ftell.obj
 0001:0003853e       __get_errno_from_oserr     0043953e f   LIBCMT:dosmap.obj
 0001:00038579       __errno                    00439579 f   LIBCMT:dosmap.obj
 0001:0003858c       ___doserrno                0043958c f   LIBCMT:dosmap.obj
 0001:0003859f       __dosmaperr                0043959f f   LIBCMT:dosmap.obj
 0001:000385bd       __fread_nolock_s           004395bd f   LIBCMT:fread.obj
 0001:000387c3       _fread_s                   004397c3 f   LIBCMT:fread.obj
 0001:00038859       _fread                     00439859 f   LIBCMT:fread.obj
 0001:00038874       __fwrite_nolock            00439874 f   LIBCMT:fwrite.obj
 0001:000389d3       _fwrite                    004399d3 f   LIBCMT:fwrite.obj
 0001:00038a55       _vprintf_helper            00439a55 f   LIBCMT:vprintf.obj
 0001:00038ae5       _vprintf                   00439ae5 f   LIBCMT:vprintf.obj
 0001:00038afd       __flush                    00439afd f   LIBCMT:fflush.obj
 0001:00038b5f       __fflush_nolock            00439b5f f   LIBCMT:fflush.obj
 0001:00038c7b       _fflush                    00439c7b f   LIBCMT:fflush.obj
 0001:00038cce       __flushall                 00439cce f   LIBCMT:fflush.obj
 0001:00038cd7       ___iob_func                00439cd7 f   LIBCMT:_file.obj
 0001:00038cdd       ___initstdio               00439cdd f   LIBCMT:_file.obj
 0001:00038d8e       ___endstdio                00439d8e f   LIBCMT:_file.obj
 0001:00038dae       __lock_file                00439dae f   LIBCMT:_file.obj
 0001:00038dea       __lock_file2               00439dea f   LIBCMT:_file.obj
 0001:00038e18       __unlock_file              00439e18 f   LIBCMT:_file.obj
 0001:00038e4e       __unlock_file2             00439e4e f   LIBCMT:_file.obj
 0001:00038e80       _strncpy                   00439e80 f   LIBCMT:strncpy.obj
 0001:00038fa4       __validdrive               00439fa4 f   LIBCMT:getcwd.obj
 0001:00038fdb       __getdcwd_nolock           00439fdb f   LIBCMT:getcwd.obj
 0001:00039110       __getcwd                   0043a110 f   LIBCMT:getcwd.obj
 0001:00039160       _strrchr                   0043a160 f   LIBCMT:strrchr.obj
 0001:0003918d       __vsnprintf_l              0043a18d f   LIBCMT:vsnprint.obj
 0001:0003923e       __vsnprintf                0043a23e f   LIBCMT:vsnprint.obj
 0001:00039259       ?_JumpToContinuation@@YGXPAXPAUEHRegistrationNode@@@Z 0043a259 f   LIBCMT:trnsctrl.obj
 0001:00039289       ?_CallMemberFunction1@@YGXPAX00@Z 0043a289 f   LIBCMT:trnsctrl.obj
 0001:00039289       ?_CallMemberFunction0@@YGXPAX0@Z 0043a289 f   LIBCMT:trnsctrl.obj
 0001:00039289       ?_CallMemberFunction2@@YGXPAX00H@Z 0043a289 f   LIBCMT:trnsctrl.obj
 0001:00039290       ?_UnwindNestedFrames@@YGXPAUEHRegistrationNode@@PAUEHExceptionRecord@@@Z 0043a290 f   LIBCMT:trnsctrl.obj
 0001:000392e2       ___CxxFrameHandler3        0043a2e2 f   LIBCMT:trnsctrl.obj
 0001:00039348       ?_CallSETranslator@@YAHPAUEHExceptionRecord@@PAUEHRegistrationNode@@PAX2PBU_s_FuncInfo@@H1@Z 0043a348 f   LIBCMT:trnsctrl.obj
 0001:000394ba       ?_GetRangeOfTrysToCheck@@YAPBU_s_TryBlockMapEntry@@PBU_s_FuncInfo@@HHPAI1@Z 0043a4ba f   LIBCMT:trnsctrl.obj
 0001:0003952d       __CreateFrameInfo          0043a52d f   LIBCMT:trnsctrl.obj
 0001:00039555       __IsExceptionObjectToBeDestroyed 0043a555 f   LIBCMT:trnsctrl.obj
 0001:00039576       __FindAndUnlinkFrame       0043a576 f   LIBCMT:trnsctrl.obj
 0001:000395c2       ?_CallCatchBlock2@@YAPAXPAUEHRegistrationNode@@PBU_s_FuncInfo@@PAXHK@Z 0043a5c2 f   LIBCMT:trnsctrl.obj
 0001:00039620       ??1type_info@@UAE@XZ       0043a620 f   LIBCMT:typinfo.obj
 0001:0003962e       ??_Gtype_info@@UAEPAXI@Z   0043a62e f i LIBCMT:typinfo.obj
 0001:0003962e       ??_Etype_info@@UAEPAXI@Z   0043a62e f i LIBCMT:typinfo.obj
 0001:0003964a       ??8type_info@@QBE_NABV0@@Z 0043a64a f   LIBCMT:typinfo.obj
 0001:00039670       _acos                      0043a670 f   LIBCMT:acos.obj
 0001:000396b0       __CIacos                   0043a6b0 f   LIBCMT:acos.obj
 0001:000396eb       __CIacos_default           0043a6eb f   LIBCMT:acos.obj
 0001:000396ff       __acos_default             0043a6ff     LIBCMT:acos.obj
 0001:000397c0       _atan2                     0043a7c0 f   LIBCMT:87ctriga.obj
 0001:000397ca       __CIatan2                  0043a7ca f   LIBCMT:87ctriga.obj
 0001:000397e0       _floor                     0043a7e0 f   LIBCMT:floor_pentium4.obj
 0001:00039820       __floor_pentium4           0043a820 f   LIBCMT:floor_pentium4.obj
 0001:00039910       __CIsqrt                   0043a910 f   LIBCMT:sqrt.obj
 0001:00039924       _sqrt                      0043a924     LIBCMT:sqrt.obj
 0001:000399ca       ??_U@YAPAXIABUnothrow_t@std@@@Z 0043a9ca f   LIBCMT:newaopnt.obj
 0001:000399d0       __ftol2_sse                0043a9d0 f   LIBCMT:ftol2.obj
 0001:000399d9       __ftol2_pentium4           0043a9d9 f   LIBCMT:ftol2.obj
 0001:000399ec       __ftol2_sse_excpt          0043a9ec f   LIBCMT:ftol2.obj
 0001:00039a06       __ftol2                    0043aa06 f   LIBCMT:ftol2.obj
 0001:00039a7b       _rand                      0043aa7b f   LIBCMT:rand.obj
 0001:00039aa0       _ceil                      0043aaa0 f   LIBCMT:ceil_pentium4.obj
 0001:00039ae0       __ceil_pentium4            0043aae0 f   LIBCMT:ceil_pentium4.obj
 0001:00039bbd       ??_V@YAXPAX@Z              0043abbd f   LIBCMT:delete2.obj
 0001:00039bc2       ??2@YAPAXIABUnothrow_t@std@@@Z 0043abc2 f   LIBCMT:newopnt.obj
 0001:00039c00       _sin                       0043ac00 f   LIBCMT:sin.obj
 0001:00039c40       __CIsin                    0043ac40 f   LIBCMT:sin.obj
 0001:00039c7b       __CIsin_default            0043ac7b f   LIBCMT:sin.obj
 0001:00039c8f       __sin_default              0043ac8f     LIBCMT:sin.obj
 0001:00039d30       _cos                       0043ad30 f   LIBCMT:cos.obj
 0001:00039d70       __CIcos                    0043ad70 f   LIBCMT:cos.obj
 0001:00039dab       __CIcos_default            0043adab f   LIBCMT:cos.obj
 0001:00039dbf       __cos_default              0043adbf     LIBCMT:cos.obj
 0001:00039e60       _pow                       0043ae60 f   LIBCMT:pow.obj
 0001:00039ea0       __CIpow                    0043aea0 f   LIBCMT:pow.obj
 0001:00039edb       __CIpow_default            0043aedb f   LIBCMT:pow.obj
 0001:00039ef4       __pow_default              0043aef4     LIBCMT:pow.obj
 0001:0003a0ea       ??0exception@std@@QAE@ABQBD@Z 0043b0ea f   LIBCMT:stdexcpt.obj
 0001:0003a138       ??0exception@std@@QAE@ABQBDH@Z 0043b138 f   LIBCMT:stdexcpt.obj
 0001:0003a150       ??0exception@std@@QAE@ABV01@@Z 0043b150 f   LIBCMT:stdexcpt.obj
 0001:0003a1a8       ??1exception@std@@UAE@XZ   0043b1a8 f   LIBCMT:stdexcpt.obj
 0001:0003a1be       ?what@exception@std@@UBEPBDXZ 0043b1be f   LIBCMT:stdexcpt.obj
 0001:0003a1cb       ??_Eexception@std@@UAEPAXI@Z 0043b1cb f i LIBCMT:stdexcpt.obj
 0001:0003a1cb       ??_Gexception@std@@UAEPAXI@Z 0043b1cb f i LIBCMT:stdexcpt.obj
 0001:0003a1e7       _memcpy_s                  0043b1e7 f   LIBCMT:memcpy_s.obj
 0001:0003a262       __CxxThrowException@8      0043b262 f   LIBCMT:throw.obj
 0001:0003a2ac       __initp_misc_invarg        0043b2ac f   LIBCMT:invarg.obj
 0001:0003a2b6       __invoke_watson            0043b2b6 f   LIBCMT:invarg.obj
 0001:0003a3b2       __invalid_parameter        0043b3b2 f   LIBCMT:invarg.obj
 0001:0003a3e0       _strstr                    0043b3e0 f   LIBCMT:strstr.obj
 0001:0003a51f       ___onexitinit              0043b51f f   LIBCMT:onexit.obj
 0001:0003a54e       __onexit                   0043b54e f   LIBCMT:onexit.obj
 0001:0003a58a       _atexit                    0043b58a f   LIBCMT:onexit.obj
 0001:0003a59c       _fgets                     0043b59c f   LIBCMT:fgets.obj
 0001:0003a723       __tolower_l                0043b723 f   LIBCMT:tolower.obj
 0001:0003a83a       _tolower                   0043b83a f   LIBCMT:tolower.obj
 0001:0003a870       _memmove                   0043b870 f   LIBCMT:memmove.obj
 0001:0003abd5       _strncmp                   0043bbd5 f   LIBCMT:strncmp.obj
 0001:0003aca0       _atan                      0043bca0 f   LIBCMT:atan.obj
 0001:0003ace0       __CIatan                   0043bce0 f   LIBCMT:atan.obj
 0001:0003ad1b       __CIatan_default           0043bd1b f   LIBCMT:atan.obj
 0001:0003ad2f       __atan_default             0043bd2f     LIBCMT:atan.obj
 0001:0003adc0       _log                       0043bdc0 f   LIBCMT:log.obj
 0001:0003ae00       __CIlog                    0043be00 f   LIBCMT:log.obj
 0001:0003ae3b       __CIlog_default            0043be3b f   LIBCMT:log.obj
 0001:0003ae4f       __log_default              0043be4f     LIBCMT:log.obj
 0001:0003af10       __allshr                   0043bf10 f   LIBCMT:llshr.obj
 0001:0003af40       __allmul                   0043bf40 f   LIBCMT:llmul.obj
 0001:0003af74       __toupper_l                0043bf74 f   LIBCMT:toupper.obj
 0001:0003b08c       _toupper                   0043c08c f   LIBCMT:toupper.obj
 0001:0003b0b3       __snprintf                 0043c0b3 f   LIBCMT:snprintf.obj
 0001:0003b160       __mkdir                    0043c160 f   LIBCMT:mkdir.obj
 0001:0003b18c       __findclose                0043c18c f   LIBCMT:findfile.obj
 0001:0003b1ac       ___time64_t_from_ft        0043c1ac f   LIBCMT:findfi32.obj
 0001:0003b212       __findfirst64i32           0043c212 f   LIBCMT:findfi32.obj
 0001:0003b342       __findnext64i32            0043c342 f   LIBCMT:findfi32.obj
 0001:0003b68c       _mainCRTStartup            0043c68c f   LIBCMT:crt0.obj
 0001:0003b696       __forcdecpt_l              0043c696 f   LIBCMT:cvt.obj
 0001:0003b707       __cropzeros_l              0043c707 f   LIBCMT:cvt.obj
 0001:0003b787       __positive                 0043c787 f   LIBCMT:cvt.obj
 0001:0003b79d       __fassign_l                0043c79d f   LIBCMT:cvt.obj
 0001:0003b7dd       __fassign                  0043c7dd f   LIBCMT:cvt.obj
 0001:0003b811       __forcdecpt                0043c811 f   LIBCMT:cvt.obj
 0001:0003b81f       __cropzeros                0043c81f f   LIBCMT:cvt.obj
 0001:0003b99a       __cftoe_l                  0043c99a f   LIBCMT:cvt.obj
 0001:0003ba68       __cftoe                    0043ca68 f   LIBCMT:cvt.obj
 0001:0003ba86       __cftoa_l                  0043ca86 f   LIBCMT:cvt.obj
 0001:0003beec       __cftof_l                  0043ceec f   LIBCMT:cvt.obj
 0001:0003bfa5       __cftog_l                  0043cfa5 f   LIBCMT:cvt.obj
 0001:0003c09d       __cfltcvt_l                0043d09d f   LIBCMT:cvt.obj
 0001:0003c123       __cfltcvt                  0043d123 f   LIBCMT:cvt.obj
 0001:0003c144       __initp_misc_cfltcvt_tab   0043d144 f   LIBCMT:cmiscdat.obj
 0001:0003c163       __setdefaultprecision      0043d163 f   LIBCMT:fp8.obj
 0001:0003c18c       __ms_p5_test_fdiv          0043d18c f   LIBCMT:testfdiv.obj
 0001:0003c1c8       __ms_p5_mp_test_fdiv       0043d1c8 f   LIBCMT:testfdiv.obj
 0001:0003c1f1       __initp_heap_handler       0043d1f1 f   LIBCMT:handler.obj
 0001:0003c1fb       __callnewh                 0043d1fb f   LIBCMT:handler.obj
 0001:0003c2a4       __VEC_memcpy               0043d2a4 f   LIBCMT:p4_memcpy.obj
 0001:0003c387       __sse2_mathfcns_init       0043d387 f   LIBCMT:mathfcns.obj
 0001:0003c39b       __mtinitlocks              0043d39b f   LIBCMT:mlock.obj
 0001:0003c3e4       __mtdeletelocks            0043d3e4 f   LIBCMT:mlock.obj
 0001:0003c439       __unlock                   0043d439 f   LIBCMT:mlock.obj
 0001:0003c44e       __mtinitlocknum            0043d44e f   LIBCMT:mlock.obj
 0001:0003c511       __lock                     0043d511 f   LIBCMT:mlock.obj
 0001:0003c542       ___heap_select             0043d542 f   LIBCMT:heapinit.obj
 0001:0003c59d       __heap_init                0043d59d f   LIBCMT:heapinit.obj
 0001:0003c5f7       ___sbh_heap_init           0043d5f7 f   LIBCMT:sbheap.obj
 0001:0003c63f       ___sbh_find_block          0043d63f f   LIBCMT:sbheap.obj
 0001:0003c66a       ___sbh_free_block          0043d66a f   LIBCMT:sbheap.obj
 0001:0003c97e       ___sbh_alloc_new_region    0043d97e f   LIBCMT:sbheap.obj
 0001:0003ca2e       ___sbh_alloc_new_group     0043da2e f   LIBCMT:sbheap.obj
 0001:0003cb34       ___sbh_resize_block        0043db34 f   LIBCMT:sbheap.obj
 0001:0003ce13       ___sbh_alloc_block         0043de13 f   LIBCMT:sbheap.obj
 0001:0003d0f8       __SEH_prolog4              0043e0f8 f   LIBCMT:sehprolg4.obj
 0001:0003d13d       __SEH_epilog4              0043e13d f   LIBCMT:sehprolg4.obj
 0001:0003d160       __except_handler4          0043e160 f   LIBCMT:chandler4.obj
 0001:0003d2f6       __msize                    0043e2f6 f   LIBCMT:msize.obj
 0001:0003d5a7       ___updatetmbcinfo          0043e5a7 f   LIBCMT:mbctype.obj
 0001:0003d6c5       __setmbcp_nolock           0043e6c5 f   LIBCMT:mbctype.obj
 0001:0003d89e       __setmbcp                  0043e89e f   LIBCMT:mbctype.obj
 0001:0003da38       ___initmbctable            0043ea38 f   LIBCMT:mbctype.obj
 0001:0003da56       ___freetlocinfo            0043ea56 f   LIBCMT:setlocal.obj
 0001:0003db96       ___addlocaleref            0043eb96 f   LIBCMT:setlocal.obj
 0001:0003dc1c       ___removelocaleref         0043ec1c f   LIBCMT:setlocal.obj
 0001:0003dce6       ___updatetlocinfo          0043ece6 f   LIBCMT:setlocal.obj
 0001:0003ddc8       __encode_pointer           0043edc8 f   LIBCMT:tidtable.obj
 0001:0003de36       __encoded_null             0043ee36 f   LIBCMT:tidtable.obj
 0001:0003de3f       __decode_pointer           0043ee3f f   LIBCMT:tidtable.obj
 0001:0003dead       ___crtTlsAlloc@4           0043eead f   LIBCMT:tidtable.obj
 0001:0003deb6       ___set_flsgetvalue         0043eeb6 f   LIBCMT:tidtable.obj
 0001:0003dee8       __mtterm                   0043eee8 f   LIBCMT:tidtable.obj
 0001:0003df25       __initptd                  0043ef25 f   LIBCMT:tidtable.obj
 0001:0003dfe4       __getptd_noexit            0043efe4 f   LIBCMT:tidtable.obj
 0001:0003e05b       __getptd                   0043f05b f   LIBCMT:tidtable.obj
 0001:0003e073       __freefls@4                0043f073 f   LIBCMT:tidtable.obj
 0001:0003e194       __mtinit                   0043f194 f   LIBCMT:tidtable.obj
 0001:0003e318       __isctype_l                0043f318 f   LIBCMT:isctype.obj
 0001:0003e425       __VEC_memzero              0043f425 f   LIBCMT:p4_memset.obj
 0001:0003e4b4       ___report_gsfailure        0043f4b4 f   LIBCMT:gs_report.obj
 0001:0003e5b8       __NMSG_WRITE               0043f5b8 f   LIBCMT:crt0msg.obj
 0001:0003e758       __FF_MSGBANNER             0043f758 f   LIBCMT:crt0msg.obj
 0001:0003e791       __RTC_Initialize           0043f791 f   LIBCMT:initsect.obj
 0001:0003e7b5       __RTC_Terminate            0043f7b5 f   LIBCMT:initsect.obj
 0001:0003e7e0       __ValidateImageBase        0043f7e0 f   LIBCMT:pesect.obj
 0001:0003e810       __FindPESection            0043f810 f   LIBCMT:pesect.obj
 0001:0003e860       __IsNonwritableInCurrentImage 0043f860 f   LIBCMT:pesect.obj
 0001:0003e91b       ?terminate@@YAXXZ          0043f91b f   LIBCMT:hooks.obj
 0001:0003e954       ?unexpected@@YAXXZ         0043f954 f   LIBCMT:hooks.obj
 0001:0003e967       ?_inconsistency@@YAXXZ     0043f967 f   LIBCMT:hooks.obj
 0001:0003e99e       __initp_eh_hooks           0043f99e f   LIBCMT:hooks.obj
 0001:0003e9af       __XcptFilter               0043f9af f   LIBCMT:winxfltr.obj
 0001:0003eb0d       __initp_misc_winsig        0043fb0d f   LIBCMT:winsig.obj
 0001:0003eb5a       ___get_sigabrt             0043fb5a f   LIBCMT:winsig.obj
 0001:0003eb67       _raise                     0043fb67 f   LIBCMT:winsig.obj
 0001:0003ed17       __initp_misc_rand_s        0043fd17 f   LIBCMT:rand_s.obj
 0001:0003ed21       __initp_misc_purevirt      0043fd21 f   LIBCMT:inithelp.obj
 0001:0003ed2b       __initp_misc_initcrit      0043fd2b f   LIBCMT:initcrit.obj
 0001:0003ed45       ___crtInitCritSecAndSpinCount 0043fd45 f   LIBCMT:initcrit.obj
 0001:0003ee0a       __stbuf                    0043fe0a f   LIBCMT:_sftbuf.obj
 0001:0003eea0       __ftbuf                    0043fea0 f   LIBCMT:_sftbuf.obj
 0001:0003ef70       __output_l                 0043ff70 f   LIBCMT:output.obj
 0001:0003f904       __close_nolock             00440904 f   LIBCMT:close.obj
 0001:0003f998       __close                    00440998 f   LIBCMT:close.obj
 0001:0003fa65       __fileno                   00440a65 f   LIBCMT:fileno.obj
 0001:0003fa92       __freebuf                  00440a92 f   LIBCMT:_freebuf.obj
 0001:0003fabe       __flsbuf                   00440abe f   LIBCMT:_flsbuf.obj
 0001:0003fc1e       __openfile                 00440c1e f   LIBCMT:_open.obj
 0001:0003febe       __getstream                00440ebe f   LIBCMT:stream.obj
 0001:0003fff0       __local_unwind4            00440ff0 f   LIBCMT:exsup4.obj
 0001:000400c6       __seh_longjmp_unwind4@4    004410c6 f   LIBCMT:exsup4.obj
 0001:000400e2       @_EH4_CallFilterFunc@8     004410e2 f   LIBCMT:exsup4.obj
 0001:000400f9       @_EH4_TransferToHandler@8  004410f9 f   LIBCMT:exsup4.obj
 0001:00040112       @_EH4_GlobalUnwind@4       00441112 f   LIBCMT:exsup4.obj
 0001:0004012c       @_EH4_LocalUnwind@16       0044112c f   LIBCMT:exsup4.obj
 0001:00040150       __aulldvrm                 00441150 f   LIBCMT:ulldvrm.obj
 0001:000401e5       _strcpy_s                  004411e5 f   LIBCMT:strcpy_s.obj
 0001:00040250       _strlen                    00441250 f   LIBCMT:strlen.obj
 0001:0004036a       __input_l                  0044136a f   LIBCMT:input.obj
 0001:000411e2       _strtol                    004421e2 f   LIBCMT:strtol.obj
 0001:0004120b       __fltin2                   0044220b f   LIBCMT:cfin.obj
 0001:000412b0       ___strgtold12_l            004422b0 f   LIBCMT:strgtold.obj
 0001:00041970       __lseek_nolock             00442970 f   LIBCMT:lseek.obj
 0001:000419e2       __lseek                    004429e2 f   LIBCMT:lseek.obj
 0001:00041abe       __ioinit                   00442abe f   LIBCMT:ioinit.obj
 0001:00041cfe       __malloc_crt               00442cfe f   LIBCMT:crtheap.obj
 0001:00041d3e       __calloc_crt               00442d3e f   LIBCMT:crtheap.obj
 0001:00041d86       __realloc_crt              00442d86 f   LIBCMT:crtheap.obj
 0001:00041dd1       __recalloc_crt             00442dd1 f   LIBCMT:crtheap.obj
 0001:00041e21       _strncpy_s                 00442e21 f   LIBCMT:strncpy_s.obj
 0001:00041ed4       __filbuf                   00442ed4 f   LIBCMT:_filbuf.obj
 0001:00041ff4       __read_nolock              00442ff4 f   LIBCMT:read.obj
 0001:000425b5       __read                     004435b5 f   LIBCMT:read.obj
 0001:000426b2       __write_nolock             004436b2 f   LIBCMT:write.obj
 0001:00042c78       __write                    00443c78 f   LIBCMT:write.obj
 0001:00042d54       __commit                   00443d54 f   LIBCMT:commit.obj
 0001:00042e35       __fcloseall                00443e35 f   LIBCMT:closeall.obj
 0001:00042ed4       __calloc_impl              00443ed4 f   LIBCMT:calloc.obj
 0001:00042ff2       _calloc                    00443ff2 f   LIBCMT:calloc.obj
 0001:00043031       __getdrive                 00444031 f   LIBCMT:drive.obj
 0001:000430f7       ??1bad_exception@std@@UAE@XZ 004440f7 f i LIBCMT:frame.obj
 0001:00043102       ??_Gbad_exception@std@@UAEPAXI@Z 00444102 f i LIBCMT:frame.obj
 0001:00043102       ??_Ebad_exception@std@@UAEPAXI@Z 00444102 f i LIBCMT:frame.obj
 0001:00043124       ___TypeMatch               00444124 f   LIBCMT:frame.obj
 0001:00043180       ___FrameUnwindFilter       00444180 f   LIBCMT:frame.obj
 0001:000431c4       ___FrameUnwindToState      004441c4 f   LIBCMT:frame.obj
 0001:000432ea       ___DestructExceptionObject 004442ea f   LIBCMT:frame.obj
 0001:0004333e       ___AdjustPointer           0044433e f   LIBCMT:frame.obj
 0001:000435c1       ___BuildCatchObjectHelper  004445c1 f   LIBCMT:frame.obj
 0001:00043740       ___BuildCatchObject        00444740 f   LIBCMT:frame.obj
 0001:00043c85       ??0bad_exception@std@@QAE@ABV01@@Z 00444c85 f i LIBCMT:frame.obj
 0001:00043c9d       ___InternalCxxFrameHandler 00444c9d f   LIBCMT:frame.obj
 0001:00043d90       __CallSettingFrame@12      00444d90 f   LIBCMT:lowhelpr.obj
 0001:00043db7       __NLG_Return               00444db7     LIBCMT:lowhelpr.obj
 0001:00043ddc       ?_Type_info_dtor@type_info@@CAXPAV1@@Z 00444ddc f   LIBCMT:typname.obj
 0001:00043e50       _strcmp                    00444e50 f   LIBCMT:strcmp.obj
 0001:00043ee0       __CIacos_pentium4          00444ee0 f   LIBCMT:acos_pentium4.obj
 0001:00043ef8       __acos_pentium4            00444ef8     LIBCMT:acos_pentium4.obj
 0001:00044440       __trandisp1                00445440 f   LIBCMT:87disp.obj
 0001:000444a7       __trandisp2                004454a7 f   LIBCMT:87disp.obj
 0001:00044533       __rttospopde               00445533     LIBCMT:87disp.obj
 0001:00044538       __rttospop                 00445538     LIBCMT:87disp.obj
 0001:0004453a       __rtnospop                 0044553a     LIBCMT:87disp.obj
 0001:0004453c       __rttosnpop                0044553c     LIBCMT:87disp.obj
 0001:0004453d       __rtnospopde               0044553d     LIBCMT:87disp.obj
 0001:00044544       __rtzeropop                00445544     LIBCMT:87disp.obj
 0001:00044546       __rtzeronpop               00445546     LIBCMT:87disp.obj
 0001:0004454b       __rtonepop                 0044554b     LIBCMT:87disp.obj
 0001:0004454d       __rtonenpop                0044554d     LIBCMT:87disp.obj
 0001:00044552       __tosnan1                  00445552     LIBCMT:87disp.obj
 0001:0004457d       __nosnan2                  0044557d     LIBCMT:87disp.obj
 0001:0004457f       __tosnan2                  0044557f     LIBCMT:87disp.obj
 0001:000445a7       __nan2                     004455a7     LIBCMT:87disp.obj
 0001:000445e6       __rtindfpop                004455e6     LIBCMT:87disp.obj
 0001:000445e8       __rtindfnpop               004455e8     LIBCMT:87disp.obj
 0001:000445f9       __rttosnpopde              004455f9     LIBCMT:87disp.obj
 0001:00044603       __rtchsifneg               00445603     LIBCMT:87disp.obj
 0001:00044610       __startTwoArgErrorHandling 00445610 f   LIBCMT:genexcep.obj
 0001:00044627       __startOneArgErrorHandling 00445627 f   LIBCMT:genexcep.obj
 0001:00044670       __twoToTOS                 00445670 f   LIBCMT:common.obj
 0001:00044685       __load_CW                  00445685 f   LIBCMT:common.obj
 0001:0004469c       __convertTOStoQNaN         0044569c f   LIBCMT:common.obj
 0001:000446b5       __fload_withFB             004456b5 f   LIBCMT:common.obj
 0001:000446f8       __checkTOS_withFB          004456f8 f   LIBCMT:common.obj
 0001:0004470e       __fast_exit                0044570e f   LIBCMT:common.obj
 0001:0004471b       __math_exit                0044571b f   LIBCMT:common.obj
 0001:00044745       __check_overflow_exit      00445745 f   LIBCMT:common.obj
 0001:00044759       __check_range_exit         00445759 f   LIBCMT:common.obj
 0001:0004481c       __fFATN2                   0044581c     LIBCMT:87triga.obj
 0001:0004486c       __rtpiby2                  0044586c     LIBCMT:87triga.obj
 0001:000448b0       __cintrindisp2             004458b0 f   LIBCMT:87cdisp.obj
 0001:000448ee       __cintrindisp1             004458ee f   LIBCMT:87cdisp.obj
 0001:0004492b       __ctrandisp2               0044592b f   LIBCMT:87cdisp.obj
 0001:00044ac1       __ctrandisp1               00445ac1 f   LIBCMT:87cdisp.obj
 0001:00044af4       __fload                    00445af4 f   LIBCMT:87cdisp.obj
 0001:00044b30       ___libm_error_support      00445b30 f   LIBCMT:libm_error.obj
 0001:00044de0       __floor_default            00445de0 f   LIBCMT:floor.obj
 0001:00044eb1       __ceil_default             00445eb1 f   LIBCMT:ceil.obj
 0001:00044f82       __EH_prolog3_catch         00445f82 f   LIBCMT:ehprolg3.obj
 0001:00044fb8       __EH_epilog3               00445fb8 f   LIBCMT:ehprolg3.obj
 0001:00044fd0       __CIsin_pentium4           00445fd0 f   LIBCMT:sin_pentium4.obj
 0001:00044fe8       __sin_pentium4             00445fe8     LIBCMT:sin_pentium4.obj
 0001:000451a0       __CIcos_pentium4           004461a0 f   LIBCMT:cos_pentium4.obj
 0001:000451b8       __cos_pentium4             004461b8     LIBCMT:cos_pentium4.obj
 0001:00045350       __CIpow_pentium4           00446350 f   LIBCMT:pow_pentium4.obj
 0001:00045369       __pow_pentium4             00446369     LIBCMT:pow_pentium4.obj
 0001:00045ec1       __fFEXP                    00446ec1     LIBCMT:87tran.obj
 0001:00045f28       __rtinfpopse               00446f28     LIBCMT:87tran.obj
 0001:00045f2a       __rtinfnpopse              00446f2a     LIBCMT:87tran.obj
 0001:00045f3a       __fFLN                     00446f3a     LIBCMT:87tran.obj
 0001:00045fef       __rtinfpop                 00446fef     LIBCMT:87tran.obj
 0001:00045ff1       __rtinfnpop                00446ff1     LIBCMT:87tran.obj
 0001:0004600e       __ffexpm1                  0044700e     LIBCMT:87tran.obj
 0001:000460b7       __d_inttype                004470b7 f   LIBCMT:powhlp.obj
 0001:0004611b       __powhlp                   0044711b f   LIBCMT:powhlp.obj
 0001:00046259       __crt_debugger_hook        00447259 f   LIBCMT:dbghook.obj
 0001:00046261       __freea                    00447261 f i LIBCMT:a_map.obj
 0001:0004661e       ___crtLCMapStringA         0044761e f   LIBCMT:a_map.obj
 0001:00046661       __isleadbyte_l             00447661 f i LIBCMT:_wctype.obj
 0001:00046697       _isleadbyte                00447697 f i LIBCMT:_wctype.obj
 0001:000466b0       __CIatan_pentium4          004476b0 f   LIBCMT:atan_pentium4.obj
 0001:000466c8       __atan_pentium4            004476c8     LIBCMT:atan_pentium4.obj
 0001:000469a0       __CIlog_pentium4           004479a0 f   LIBCMT:log_pentium4.obj
 0001:000469b8       __log_pentium4             004479b8     LIBCMT:log_pentium4.obj
 0001:000472fc       ___tzset                   004482fc f   LIBCMT:tzset.obj
 0001:0004734b       __isindst                  0044834b f   LIBCMT:tzset.obj
 0001:0004738c       __get_daylight             0044838c f   LIBCMT:timeset.obj
 0001:000473c0       __get_dstbias              004483c0 f   LIBCMT:timeset.obj
 0001:000473f4       __get_timezone             004483f4 f   LIBCMT:timeset.obj
 0001:00047428       ___daylight                00448428 f   LIBCMT:timeset.obj
 0001:0004742e       ___dstbias                 0044842e f   LIBCMT:timeset.obj
 0001:00047434       ___timezone                00448434 f   LIBCMT:timeset.obj
 0001:0004743a       ___tzname                  0044843a f   LIBCMT:timeset.obj
 0001:00047440       __alldiv                   00448440 f   LIBCMT:lldiv.obj
 0001:000474f0       __allrem                   004484f0 f   LIBCMT:llrem.obj
 0001:000475b0       __aulldiv                  004485b0 f   LIBCMT:ulldiv.obj
 0001:00047618       ___loctotime64_t           00448618 f   LIBCMT:dtoxtm64.obj
 0001:00047881       ?__CxxUnhandledExceptionFilter@@YGJPAU_EXCEPTION_POINTERS@@@Z 00448881 f   LIBCMT:unhandld.obj
 0001:000478be       ___CxxSetUnhandledExceptionFilter 004488be f   LIBCMT:unhandld.obj
 0001:000478cc       __setenvp                  004488cc f   LIBCMT:stdenvp.obj
 0001:00047b3f       __setargv                  00448b3f f   LIBCMT:stdargv.obj
 0001:00047bf8       ___crtGetEnvironmentStringsA 00448bf8 f   LIBCMT:a_env.obj
 0001:00047d2d       ___security_init_cookie    00448d2d f   LIBCMT:gs_support.obj
 0001:00047dc1       __atodbl_l                 00448dc1 f   LIBCMT:atodbl.obj
 0001:00047e67       __atoflt_l                 00448e67 f   LIBCMT:atodbl.obj
 0001:00047f0d       __fptostr                  00448f0d f   LIBCMT:_fptostr.obj
 0001:00047fca       ___dtold                   00448fca f   LIBCMT:cfout.obj
 0001:00048085       __fltout2                  00449085 f   LIBCMT:cfout.obj
 0001:00048120       __alldvrm                  00449120 f   LIBCMT:lldvrm.obj
 0001:00048200       __aullshr                  00449200 f   LIBCMT:ullshr.obj
 0001:0004821f       __fptrap                   0044921f f   LIBCMT:crt0fp.obj
 0001:00048228       __controlfp_s              00449228 f   LIBCMT:contrlfp.obj
 0001:000482e2       __get_sse2_info            004492e2 f   LIBCMT:cpu_disp.obj
 0001:00048342       ___sse2_available_init     00449342 f   LIBCMT:cpu_disp.obj
 0001:00048507       ___crtGetStringTypeA       00449507 f   LIBCMT:a_str.obj
 0001:00048547       ___free_lc_time            00449547 f   LIBCMT:inittime.obj
 0001:000486d7       ___free_lconv_num          004496d7 f   LIBCMT:initnum.obj
 0001:00048717       ___free_lconv_mon          00449717 f   LIBCMT:initmon.obj
 0001:000487a0       ____lc_codepage_func       004497a0 f   LIBCMT:initctyp.obj
 0001:000487c6       _strcat_s                  004497c6 f   LIBCMT:strcat_s.obj
 0001:00048840       _strcspn                   00449840 f   LIBCMT:strcspn.obj
 0001:00048890       _strpbrk                   00449890 f   LIBCMT:strpbrk.obj
 0001:000488d0       ___crtMessageBoxA          004498d0 f   LIBCMT:crtmbox.obj
 0001:00048a8d       __set_error_mode           00449a8d f   LIBCMT:errmode.obj
 0001:00048ad3       _abort                     00449ad3 f   LIBCMT:abort.obj
 0001:00048bc6       __isatty                   00449bc6 f   LIBCMT:isatty.obj
 0001:00048c24       __wctomb_s_l               00449c24 f   LIBCMT:wctomb.obj
 0001:00048d83       _wctomb_s                  00449d83 f   LIBCMT:wctomb.obj
 0001:00048d9e       __set_osfhnd               00449d9e f   LIBCMT:osfinfo.obj
 0001:00048e1b       __free_osfhnd              00449e1b f   LIBCMT:osfinfo.obj
 0001:00048e9c       __get_osfhandle            00449e9c f   LIBCMT:osfinfo.obj
 0001:00048f0d       ___lock_fhandle            00449f0d f   LIBCMT:osfinfo.obj
 0001:00048fad       __unlock_fhandle           00449fad f   LIBCMT:osfinfo.obj
 0001:00048fcf       __alloc_osfhnd             00449fcf f   LIBCMT:osfinfo.obj
 0001:0004916e       __lseeki64_nolock          0044a16e f   LIBCMT:lseeki64.obj
 0001:000491f1       __lseeki64                 0044a1f1 f   LIBCMT:lseeki64.obj
 0001:0004930a       __getbuf                   0044a30a f   LIBCMT:_getbuf.obj
 0001:00049aa7       __sopen_helper             0044aaa7 f   LIBCMT:open.obj
 0001:00049b73       __sopen_s                  0044ab73 f   LIBCMT:open.obj
 0001:00049b91       __mbsicmp_l                0044ab91 f   LIBCMT:mbsicmp.obj
 0001:00049dab       __mbsicmp                  0044adab f   LIBCMT:mbsicmp.obj
 0001:00049dbe       __mbsnbcmp_l               0044adbe f   LIBCMT:mbsnbcmp.obj
 0001:00049f27       __mbsnbcmp                 0044af27 f   LIBCMT:mbsnbcmp.obj
 0001:00049f40       __global_unwind2           0044af40 f   LIBCMT:exsup.obj
 0001:00049fa5       __local_unwind2            0044afa5 f   LIBCMT:exsup.obj
 0001:0004a029       __abnormal_termination     0044b029 f   LIBCMT:exsup.obj
 0001:0004a04c       __NLG_Notify1              0044b04c f   LIBCMT:exsup.obj
 0001:0004a055       __NLG_Notify               0044b055 f   LIBCMT:exsup.obj
 0001:0004a06c       __NLG_Dispatch2            0044b06c     LIBCMT:exsup.obj
 0001:0004a06c       __NLG_Dispatch             0044b06c     LIBCMT:exsup.obj
 0001:0004a074       __NLG_Call                 0044b074 f   LIBCMT:exsup.obj
 0001:0004a076       __NLG_Return2              0044b076     LIBCMT:exsup.obj
 0001:0004a077       __ungetc_nolock            0044b077 f   LIBCMT:ungetc.obj
 0001:0004a195       __mbtowc_l                 0044b195 f   LIBCMT:mbtowc.obj
 0001:0004a2a8       _mbtowc                    0044b2a8 f   LIBCMT:mbtowc.obj
 0001:0004a2bf       __ld12tod                  0044b2bf f   LIBCMT:intrncvt.obj
 0001:0004a801       __ld12tof                  0044b801 f   LIBCMT:intrncvt.obj
 0001:0004ad43       ___mtold12                 0044bd43 f   LIBCMT:mantold.obj
 0001:0004af0f       __putwch_nolock            0044bf0f f   LIBCMT:putwch.obj
 0001:0004afd1       ?_ValidateExecute@@YAHP6GHXZ@Z 0044bfd1 f   LIBCMT:validate.obj
 0001:0004afd1       ?_ValidateRead@@YAHPBXI@Z  0044bfd1 f   LIBCMT:validate.obj
 0001:0004afd1       ?_ValidateWrite@@YAHPAXI@Z 0044bfd1 f   LIBCMT:validate.obj
 0001:0004afde       __87except                 0044bfde f   LIBCMT:87except.obj
 0001:0004b0da       __matherr                  0044c0da f   LIBCMT:matherr.obj
 0001:0004b0dd       __raise_exc_ex             0044c0dd f   LIBCMT:fpexcept.obj
 0001:0004b3b7       __raise_exc                0044c3b7 f   LIBCMT:fpexcept.obj
 0001:0004b3d8       __handle_exc               0044c3d8 f   LIBCMT:fpexcept.obj
 0001:0004b5b9       __set_errno_from_matherr   0044c5b9 f   LIBCMT:fpexcept.obj
 0001:0004b5e1       __errcode                  0044c5e1 f   LIBCMT:fpexcept.obj
 0001:0004b60e       __umatherr                 0044c60e f   LIBCMT:fpexcept.obj
 0001:0004b6ac       __handle_qnan1             0044c6ac f   LIBCMT:fpexcept.obj
 0001:0004b6ff       __except1                  0044c6ff f   LIBCMT:fpexcept.obj
 0001:0004b7b9       __frnd                     0044c7b9 f   LIBCMT:frnd.obj
 0001:0004b7ca       __set_exp                  0044c7ca f   LIBCMT:util.obj
 0001:0004b7f4       __sptype                   0044c7f4 f   LIBCMT:util.obj
 0001:0004b84f       __decomp                   0044c84f f   LIBCMT:util.obj
 0001:0004b8fe       __statfp                   0044c8fe f   LIBCMT:fpctrl.obj
 0001:0004b909       __clrfp                    0044c909 f   LIBCMT:fpctrl.obj
 0001:0004b915       __ctrlfp                   0044c915 f   LIBCMT:fpctrl.obj
 0001:0004b93c       __set_statfp               0044c93c f   LIBCMT:fpctrl.obj
 0001:0004b992       ___set_fpsr_sse2           0044c992 f   LIBCMT:fpctrl.obj
 0001:0004ba10       _fdiv_main_routine         0044ca10 f   LIBCMT:adj_fdiv.obj
 0001:0004bb27       __adj_fdiv_r               0044cb27 f   LIBCMT:adj_fdiv.obj
 0001:0004bfc6       __fdivp_sti_st             0044cfc6 f   LIBCMT:adj_fdiv.obj
 0001:0004bfd9       __fdivrp_sti_st            0044cfd9 f   LIBCMT:adj_fdiv.obj
 0001:0004bfec       __adj_fdiv_m32             0044cfec f   LIBCMT:adj_fdiv.obj
 0001:0004c038       __adj_fdiv_m64             0044d038 f   LIBCMT:adj_fdiv.obj
 0001:0004c084       __adj_fdiv_m16i            0044d084 f   LIBCMT:adj_fdiv.obj
 0001:0004c0b8       __adj_fdiv_m32i            0044d0b8 f   LIBCMT:adj_fdiv.obj
 0001:0004c0ec       __adj_fdivr_m32            0044d0ec f   LIBCMT:adj_fdiv.obj
 0001:0004c138       __adj_fdivr_m64            0044d138 f   LIBCMT:adj_fdiv.obj
 0001:0004c184       __adj_fdivr_m16i           0044d184 f   LIBCMT:adj_fdiv.obj
 0001:0004c1b8       __adj_fdivr_m32i           0044d1b8 f   LIBCMT:adj_fdiv.obj
 0001:0004c1ec       __safe_fdiv                0044d1ec f   LIBCMT:adj_fdiv.obj
 0001:0004c201       __safe_fdivr               0044d201 f   LIBCMT:adj_fdiv.obj
 0001:0004c216       __fprem_common             0044d216 f   LIBCMT:adj_fdiv.obj
 0001:0004c41c       __adj_fprem                0044d41c f   LIBCMT:adj_fdiv.obj
 0001:0004c4ce       __fprem1_common            0044d4ce f   LIBCMT:adj_fdiv.obj
 0001:0004c6d4       __adj_fprem1               0044d6d4 f   LIBCMT:adj_fdiv.obj
 0001:0004c789       __safe_fprem               0044d789 f   LIBCMT:adj_fdiv.obj
 0001:0004c78f       __safe_fprem1              0044d78f f   LIBCMT:adj_fdiv.obj
 0001:0004c795       __adj_fpatan               0044d795 f   LIBCMT:adj_fdiv.obj
 0001:0004c798       __adj_fptan                0044d798 f   LIBCMT:adj_fdiv.obj
 0001:0004c79b       __fpclass                  0044d79b f   LIBCMT:ieeemisc.obj
 0001:0004c82f       ___ansicp                  0044d82f f   LIBCMT:convrtcp.obj
 0001:0004c876       ___convertcp               0044d876 f   LIBCMT:convrtcp.obj
 0001:0004ca30       __alloca_probe_16          0044da30 f   LIBCMT:alloca16.obj
 0001:0004ca46       __alloca_probe_8           0044da46     LIBCMT:alloca16.obj
 0001:0004ca5c       __getenv_helper_nolock     0044da5c f   LIBCMT:getenv.obj
 0001:0004cb2e       __ismbblead                0044db2e f   LIBCMT:ismbbyte.obj
 0001:0004cb41       _$I10_OUTPUT               0044db41 f   LIBCMT:x10fout.obj
 0001:0004d535       __control87                0044e535 f i LIBCMT:ieee87.obj
 0001:0004d838       __strnicmp_l               0044e838 f   LIBCMT:strnicmp.obj
 0001:0004d928       __strnicmp                 0044e928 f   LIBCMT:strnicmp.obj
 0001:0004d928       _strnicmp                  0044e928 f   LIBCMT:strnicmp.obj
 0001:0004d984       __chsize_nolock            0044e984 f   LIBCMT:chsize.obj
 0001:0004db38       __setmode_nolock           0044eb38 f   LIBCMT:setmode.obj
 0001:0004dbf4       __get_fmode                0044ebf4 f   LIBCMT:setmode.obj
 0001:0004dc28       ___initconout              0044ec28 f   LIBCMT:initcon.obj
 0001:0004dc47       ___termcon                 0044ec47 f   LIBCMT:initcon.obj
 0001:0004dc74       __mbsnbicoll_l             0044ec74 f   LIBCMT:mbsnbico.obj
 0001:0004dd60       __mbsnbicoll               0044ed60 f   LIBCMT:mbsnbico.obj
 0001:0004dd77       ___wtomb_environ           0044ed77 f   LIBCMT:wtombenv.obj
 0001:0004de10       ___ascii_strnicmp          0044ee10 f   LIBCMT:_strnicm.obj
 0001:0004e1fa       ___crtCompareStringA       0044f1fa f   LIBCMT:a_cmp.obj
 0001:0004e23a       __strnicoll_l              0044f23a f   LIBCMT:strnicol.obj
 0001:0004e3dc       ___crtsetenv               0044f3dc f   LIBCMT:setenv.obj
 0001:0004e628       __mbschr_l                 0044f628 f   LIBCMT:mbschr.obj
 0001:0004e6e2       __mbschr                   0044f6e2 f   LIBCMT:mbschr.obj
 0001:0004e6f6       _RtlUnwind@16              0044f6f6 f   kernel32:KERNEL32.dll
 0002:00000000       __imp__DeleteFileA@4       00450000     kernel32:KERNEL32.dll
 0002:00000004       __imp__CopyFileA@12        00450004     kernel32:KERNEL32.dll
 0002:00000008       __imp__GetFileAttributesA@4 00450008     kernel32:KERNEL32.dll
 0002:0000000c       __imp__SetFileAttributesA@8 0045000c     kernel32:KERNEL32.dll
 0002:00000010       __imp__GetFullPathNameA@16 00450010     kernel32:KERNEL32.dll
 0002:00000014       __imp__GetSystemInfo@4     00450014     kernel32:KERNEL32.dll
 0002:00000018       __imp__InterlockedExchangeAdd@8 00450018     kernel32:KERNEL32.dll
 0002:0000001c       __imp__WaitForMultipleObjects@16 0045001c     kernel32:KERNEL32.dll
 0002:00000020       __imp__CreateThread@24     00450020     kernel32:KERNEL32.dll
 0002:00000024       __imp__Sleep@4             00450024     kernel32:KERNEL32.dll
 0002:00000028       __imp__InterlockedCompareExchange@12 00450028     kernel32:KERNEL32.dll
 0002:0000002c       __imp__GetModuleHandleA@4  0045002c     kernel32:KERNEL32.dll
 0002:00000030       __imp__FindClose@4         00450030     kernel32:KERNEL32.dll
 0002:00000034       __imp__FindNextFileA@8     00450034     kernel32:KERNEL32.dll
 0002:00000038       __imp__FindFirstFileA@8    00450038     kernel32:KERNEL32.dll
 0002:0000003c       __imp__GlobalUnlock@4      0045003c     kernel32:KERNEL32.dll
 0002:00000040       __imp__GlobalLock@4        00450040     kernel32:KERNEL32.dll
 0002:00000044       __imp__GlobalAlloc@8       00450044     kernel32:KERNEL32.dll
 0002:00000048       __imp__CompareStringW@24   00450048     kernel32:KERNEL32.dll
 0002:0000004c       __imp__GetModuleFileNameA@12 0045004c     kernel32:KERNEL32.dll
 0002:00000050       __imp__DebugBreak@0        00450050     kernel32:KERNEL32.dll
 0002:00000054       __imp__OutputDebugStringA@4 00450054     kernel32:KERNEL32.dll
 0002:00000058       __imp__VirtualAlloc@16     00450058     kernel32:KERNEL32.dll
 0002:0000005c       __imp__VirtualFree@12      0045005c     kernel32:KERNEL32.dll
 0002:00000060       __imp__IsDebuggerPresent@0 00450060     kernel32:KERNEL32.dll
 0002:00000064       __imp__CompareStringA@24   00450064     kernel32:KERNEL32.dll
 0002:00000068       __imp__SetEndOfFile@4      00450068     kernel32:KERNEL32.dll
 0002:0000006c       __imp__WriteConsoleW@20    0045006c     kernel32:KERNEL32.dll
 0002:00000070       __imp__GetConsoleOutputCP@0 00450070     kernel32:KERNEL32.dll
 0002:00000074       __imp__WriteConsoleA@20    00450074     kernel32:KERNEL32.dll
 0002:00000078       __imp__CreateFileA@28      00450078     kernel32:KERNEL32.dll
 0002:0000007c       __imp__SetStdHandle@8      0045007c     kernel32:KERNEL32.dll
 0002:00000080       __imp__GetLocaleInfoA@16   00450080     kernel32:KERNEL32.dll
 0002:00000084       __imp__ExitProcess@4       00450084     kernel32:KERNEL32.dll
 0002:00000088       __imp__GetLastError@0      00450088     kernel32:KERNEL32.dll
[...]
 0001:00019e30       ?MtlRaw_LoadTechniqueSetInfo@@YAXPAULoadedTechSet@@I@Z 0041ae30 f   materials.obj
 0001:00019fa0       ?MtlRaw_GetTechniqueSetInfo@@YAPBULoadedTechSet@@PBDI@Z 0041afa0 f   materials.obj
 0001:0001a210       ?InitModelCollisionTree_r@@YAXHQBM0@Z 0041b210 f   modelcollision.obj
 0001:0001a2d0       ?FilterModelCollisionIntoTree@@YAXPAUModelCollision@@@Z 0041b2d0 f   modelcollision.obj
 0001:0001a3b0       ?BuildStaticModelCollTree@@YAPAUModelCollisionAabbTree@@HQAUModelCollisionTri@@QAY02M1@Z 0041b3b0 f   modelcollision.obj
 0001:0001a560       ?BuildStaticModelCollisionTri@@YAXPBUMaskedMaterial@@QBGQAY02$$CBMQAY01$$CBMPAUModelCollisionTri@@QAM5@Z 0041b560 f   modelcollision.obj
 0001:0001ace0       ?TraceModelCollisionTree_r@@YAXPBUModelCollisionAabbTree@@_NPAUTraceWork@@@Z 0041bce0 f   modelcollision.obj
 0001:0001ad70       ?TraceModelList@@YAXPBUModelCollision@@PAUTraceWork@@@Z 0041bd70 f   modelcollision.obj
 0001:0001aea0       ?TraceStaticModels_r@@YAXHQBM0PAUTraceWork@@@Z 0041bea0 f   modelcollision.obj
 0001:0001b190       ?GetDegammadImage@@YAXPBUGfxRawImage@@PAURadLightImage@@@Z 0041c190 f   pointlights.obj
 0001:0001b2a0       ?RegisterLightDef@@YAPAURadLightDef@@PBD@Z 0041c2a0 f   pointlights.obj
 0001:0001b390       ?SetUpPointLight@@YAPAURadPointLight@@HQBMM0PBD@Z 0041c390 f   pointlights.obj
 0001:0001ba90       ?PointLightSpotAndAngleAttenuation@@YAMHQBM0@Z 0041ca90 f   pointlights.obj
 0001:0001d9b0       ?ForEachQuantumWorkerThread@@YGKPAX@Z 0041e9b0 f   threads.obj
 0001:0001da10       ?ForEachQuantumMultiThreaded@@YAXP6AXHH@ZH@Z 0041ea10 f   threads.obj
 0001:0001dfb0       ?DObjDumpCreationInfo@@YAXPAUDObjModel_s@@I@Z 0041efb0 f   dobj.obj
 0001:0001e040       ?DObjCreateDuplicateParts@@YAXPAUDObj_s@@PAUDObjModel_s@@I@Z 0041f040 f   dobj.obj
 0001:0001e5f0       ?DObjComputeBounds@@YAXPAUDObj_s@@@Z 0041f5f0 f   dobj.obj
 0001:0001f0d0       ?GetControlAndDuplicatePartBits@@YAXPBUDObj_s@@QBH1PBHQAH3@Z 004200d0 f   dobj_skel.obj
 0001:0001f1e0       ?CalcSkelDuplicateBones@@YAPBEPBUXModel@@PAUDSkel@@HPBE@Z 004201e0 f   dobj_skel.obj
 0001:0001f260       ?CalcSkelRootBonesNoParentOrDuplicate@@YAXPBUXModel@@PAUDSkel@@HQAH@Z 00420260 f   dobj_skel.obj
 0001:0001f480       ?CalcSkelRootBonesWithParent@@YAXPBUXModel@@PAUDSkel@@IIQAHQBH@Z 00420480 f   dobj_skel.obj
 0001:0001f870       ?CalcSkelNonRootBones@@YAXPBUXModel@@PAUDSkel@@HQAHQBH@Z 00420870 f   dobj_skel.obj
 0001:00020ec0       ?MT_InitBits@@YAXXZ        00421ec0 f   scr_memorytree.obj
 0001:00020f30       ?MT_GetScore@@YAHH@Z       00421f30 f   scr_memorytree.obj
 0001:00020fb0       ?MT_AddMemoryNode@@YAXHH@Z 00421fb0 f   scr_memorytree.obj
 0001:000211c0       ?MT_RemoveMemoryNode@@YA_NHH@Z 004221c0 f   scr_memorytree.obj
 0001:00021370       ?MT_RemoveHeadMemoryNode@@YAXH@Z 00422370 f   scr_memorytree.obj
 0001:000215a0       ?MT_GetSize@@YAHH@Z        004225a0 f   scr_memorytree.obj
 0001:00021a80       ?GetRefString@@YAPAURefString@@I@Z 00422a80 f   scr_stringlist.obj
 0001:00021b80       ?GetHashCode@@YAIPBDI@Z    00422b80 f   scr_stringlist.obj
 0001:00022380       ?SL_FreeString@@YAXIPAURefString@@I@Z 00423380 f   scr_stringlist.obj
 0001:00022800       ?ConsumeQuatNoSwap@@YAXPAPBEPAF@Z 00423800 f   xmodel_load_obj.obj
 0001:000228c0       ?XModelCalcBasePose@@YAXPAUXModelPartsLoad@@@Z 004238c0 f   xmodel_load_obj.obj
 0001:00022a90       ?XModelPartsLoadFile@@YAPAUXModelPartsLoad@@PAUXModel@@PBDP6APAXH@Z@Z 00423a90 f   xmodel_load_obj.obj
 0001:00022f10       ?XModelLoadConfigFile@@YA_NPBDPAPBEPAUXModelConfig@@@Z 00423f10 f   xmodel_load_obj.obj
 0001:000230b0       ?XModelLoadCollData@@YAXPAPBEPAUXModel@@P6APAXH@ZPBD@Z 004240b0 f   xmodel_load_obj.obj
 0001:000233f0       ?XModelPartsPrecache@@YAPAUXModelPartsLoad@@PAUXModel@@PBDP6APAXH@Z@Z 004243f0 f   xmodel_load_obj.obj
 0001:00023480       ?XModelReadSurfaces@@YAXPAUXModel@@PBDPAUXModelSurfs@@QAHHPAPBEP6APAXH@Z@Z 00424480 f   xmodel_load_obj.obj
 0001:00023580       ?R_XModelSurfsLoadFile@@YAPAUXModelSurfs@@PAUXModel@@PBDP6APAXH@ZF1@Z 00424580 f   xmodel_load_obj.obj
 0001:00023760       ?XModelSurfsPrecache@@YAHPAUXModel@@PBDP6APAXH@ZF1PAUXModelSurfs@@@Z 00424760 f   xmodel_load_obj.obj
 0001:000239f0       ?IteratePointKMeans@@YAIQAY02$$CBMIQAY02MIPAM@Z 004249f0 f   xmodel_load_obj.obj
 0001:000243e0       ?XModelLoadFile@@YAPAUXModel@@PBDP6APAXH@Z1@Z 004253e0 f   xmodel_load_obj.obj
 0001:00024f00       ?ParseError@@YAXPBD@Z      00425f00 f   assertive.obj
 0001:00024f20       ?ReadLine@@YA_NPAU_iobuf@@@Z 00425f20 f   assertive.obj
 0001:00025040       ?ParseMapFile@@YA_NPAU_iobuf@@IPBD@Z 00426040 f   assertive.obj
 0001:000258e0       ?GetModuleBase@@YAIPBD@Z   004268e0 f   assertive.obj
 0001:000259a0       ?LoadMapFilesForDir@@YAXPBD@Z 004269a0 f   assertive.obj
 0001:00025ac0       ?LoadMapFiles@@YAHPAD@Z    00426ac0 f   assertive.obj
 0001:00025c60       ?CopyMessageToClipboard@@YAXXZ 00426c60 f   assertive.obj
 0001:00025ce0       ?AssertNotify@@YA_NHW4AssertOccurance@@@Z 00426ce0 f   assertive.obj
 0001:00025d50       ?Assert_BuildAssertMessage@@YAXPBD0HHHPAD@Z 00426d50 f   assertive.obj
 0001:000262d0       ?FS_BuildOSPathForThread@@YAXPBD00QADW4FsThread@@@Z 004272d0 f   com_files.obj
 0001:00026700       ?FS_SanitizeFilename@@YA_NPBDQADH@Z 00427700 f   com_files.obj
 0001:00026890       ?FS_FilesAreLoadedGlobally@@YA_NPBD@Z 00427890 f   com_files.obj
 0001:00026940       ?FS_FOpenFileReadForThread@@YAHPBDPAHW4FsThread@@@Z 00427940 f   com_files.obj
 0001:00027100       ?FS_LoadZipFile@@YAPAUiwd_t@@PADPBD@Z 00428100 f   com_files.obj
 0001:00027600       ?IwdFileLanguage@@YAPBDPBD@Z 00428600 f   com_files.obj
 0001:000276b0       ?iwdsort@@YAHPBX0@Z        004286b0 f   com_files.obj
 0001:00027750       ?FS_AddIwdFilesForGameDirectory@@YAXPBD0@Z 00428750 f   com_files.obj
 0001:00027a00       ?FS_AddGameDirectory@@YAXPBD0HH@Z 00428a00 f   com_files.obj
 0001:00027c10       ?FS_AddLocalizedGameDirectory@@YAXPBD0@Z 00428c10 f   com_files.obj
 0001:00027c40       ?FS_RegisterDvars@@YAXXZ   00428c40 f   com_files.obj
 0001:00028240       ?FS_GetDefaultConfig@@YAPBDXZ 00429240 f   com_files.obj
 0001:00029240       _Z_TryVirtualCommitInternal 0042a240 f   com_memory.obj
 0001:00029310       ?Z_MallocFailed@@YAXH@Z    0042a310 f   com_memory.obj
 0001:00029460       ?Hunk_FindDataForFileInternal@@YAPAXHPBDH@Z 0042a460 f   com_memory.obj
 0001:0002a2e0       ?generateHashValue@@YAJPBD@Z 0042b2e0 f   dvar.obj
 0001:0002a330       ?Dvar_CopyString@@YAXPBDPATDvarValue@@@Z 0042b330 f   dvar.obj
 0001:0002a370       ?Dvar_WeakCopyString@@YAXPBDPATDvarValue@@@Z 0042b370 f   dvar.obj
 0001:0002a3a0       ?Dvar_ShouldFreeCurrentString@@YA_NPAUdvar_s@@@Z 0042b3a0 f   dvar.obj
 0001:0002a3c0       ?Dvar_ShouldFreeLatchedString@@YA_NPAUdvar_s@@@Z 0042b3c0 f   dvar.obj
 0001:0002a3e0       ?Dvar_ShouldFreeResetString@@YA_NPAUdvar_s@@@Z 0042b3e0 f   dvar.obj
 0001:0002a400       ?Dvar_FreeString@@YAXPATDvarValue@@@Z 0042b400 f   dvar.obj
 0001:0002a420       ?Dvar_AssignCurrentStringValue@@YAXPAUdvar_s@@PATDvarValue@@PBD@Z 0042b420 f   dvar.obj
 0001:0002a500       ?Dvar_AssignLatchedStringValue@@YAXPAUdvar_s@@PATDvarValue@@PBD@Z 0042b500 f   dvar.obj
 0001:0002a5e0       ?Dvar_AssignResetStringValue@@YAXPAUdvar_s@@PATDvarValue@@PBD@Z 0042b5e0 f   dvar.obj
 0001:0002a6c0       ?Dvar_ValueToString@@YAPBDPBUdvar_s@@TDvarValue@@@Z 0042b6c0 f   dvar.obj
 0001:0002a930       ?Dvar_StringToBool@@YA_NPBD@Z 0042b930 f   dvar.obj
 0001:0002a970       ?Dvar_StringToInt@@YAHPBD@Z 0042b970 f   dvar.obj
 0001:0002a9a0       ?Dvar_StringToFloat@@YAMPBD@Z 0042b9a0 f   dvar.obj
 0001:0002a9e0       ?Dvar_StringToVec2@@YAXPBDQAM@Z 0042b9e0 f   dvar.obj
 0001:0002aa20       ?Dvar_StringToVec3@@YAXPBDQAM@Z 0042ba20 f   dvar.obj
 0001:0002aa80       ?Dvar_StringToVec4@@YAXPBDQAM@Z 0042ba80 f   dvar.obj
 0001:0002aad0       ?Dvar_StringToEnum@@YAHPBTDvarLimits@@PBD@Z 0042bad0 f   dvar.obj
 0001:0002abc0       ?Dvar_StringToColor@@YAXPBDQAE@Z 0042bbc0 f   dvar.obj
 0001:0002adb0       ?Dvar_StringToValue@@YA?ATDvarValue@@ETDvarLimits@@PBD@Z 0042bdb0 f   dvar.obj
 0001:0002af70       ?Dvar_ClampValueToDomain@@YA?ATDvarValue@@ET1@T1@TDvarLimits@@@Z 0042bf70 f   dvar.obj
 0001:0002b4e0       ?Dvar_VectorDomainToString@@YAXHTDvarLimits@@PADH@Z 0042c4e0 f   dvar.obj
 0001:0002b580       ?Dvar_DomainToString_Internal@@YAPBDETDvarLimits@@PADHPAH@Z 0042c580 f   dvar.obj
 0001:0002b930       ?Dvar_ValuesEqual@@YAHETDvarValue@@0@Z 0042c930 f   dvar.obj
 0001:0002bb40       ?Dvar_SetLatchedValue@@YAXPAUdvar_s@@TDvarValue@@@Z 0042cb40 f   dvar.obj
 0001:0002bc80       ?Dvar_SetVariant@@YAXPAUdvar_s@@TDvarValue@@W4DvarSetSource@@@Z 0042cc80 f   dvar.obj
 0001:0002c1c0       ?Dvar_PerformUnregistration@@YAXPAUdvar_s@@@Z 0042d1c0 f   dvar.obj
 0001:0002c300       ?Dvar_UpdateResetValue@@YAXPAUdvar_s@@TDvarValue@@@Z 0042d300 f   dvar.obj
 0001:0002c460       ?Dvar_UpdateValue@@YAXPAUdvar_s@@TDvarValue@@@Z 0042d460 f   dvar.obj
 0001:0002c620       ?Dvar_MakeExplicitType@@YAXPAUdvar_s@@PBDEGTDvarValue@@TDvarLimits@@@Z 0042d620 f   dvar.obj
 0001:0002c830       ?Dvar_GetReinterpretedResetValue@@YA?ATDvarValue@@PAUdvar_s@@T1@EGTDvarLimits@@@Z 0042d830 f   dvar.obj
 0001:0002c8d0       ?Dvar_ReinterpretDvar@@YAXPAUdvar_s@@PBDEGTDvarValue@@TDvarLimits@@@Z 0042d8d0 f   dvar.obj
 0001:0002c9b0       ?Dvar_Reregister@@YAXPAUdvar_s@@PBDEGTDvarValue@@TDvarLimits@@1@Z 0042d9b0 f   dvar.obj
 0001:0002ccb0       ?Dvar_RegisterNew@@YAPBUdvar_s@@PBDEGTDvarValue@@TDvarLimits@@0@Z 0042dcb0 f   dvar.obj
 0001:0002ced0       ?Dvar_RegisterVariant@@YAPBUdvar_s@@PBDEGTDvarValue@@TDvarLimits@@0@Z 0042ded0 f   dvar.obj
 0001:0002d190       ?Dvar_SetStringFromSource@@YAXPBUdvar_s@@PBDW4DvarSetSource@@@Z 0042e190 f   dvar.obj
 0001:0002d460       ?SkipWhitespace@@YAPBDPBDPAH@Z 0042e460 f   q_parse.obj
 0001:0002d4b0       ?Com_ParseCSV@@YAPADPAPBDH@Z 0042e4b0 f   q_parse.obj
 0001:0002d5a0       ?Com_ParseExt@@YAPADPAPBDH@Z 0042e5a0 f   q_parse.obj
 0001:0002e4e0       ?Sys_ListFilteredFiles@@YAXPAUHunkUser@@PBD11PAPADPAH@Z 0042f4e0 f   win_common.obj
 0001:0002e6b0       ?HasFileExtension@@YA_NPBD0@Z 0042f6b0 f   win_common.obj
 0001:0002ec50       _flush_pending             0042fc50 f   deflate.obj
 0001:0002eca0       _longest_match             0042fca0 f   deflate.obj
 0001:0002ee20       _fill_window               0042fe20 f   deflate.obj
 0001:0002eff0       _deflate_stored            0042fff0 f   deflate.obj
 0001:0002f1d0       _deflate_fast              004301d0 f   deflate.obj
 0001:0002f510       _deflate_slow              00430510 f   deflate.obj
 0001:00031620       _huft_build                00432620 f   inftrees.obj
 0001:00031e30       _init_block                00432e30 f   trees.obj
 0001:00031ea0       _pqdownheap                00432ea0 f   trees.obj
 0001:00031f70       _gen_bitlen                00432f70 f   trees.obj
 0001:00032190       _scan_tree                 00433190 f   trees.obj
 0001:00032280       _send_tree                 00433280 f   trees.obj
 0001:00032790       _send_all_trees            00433790 f   trees.obj
 0001:000329f0       _compress_block            004339f0 f   trees.obj
 0001:00032e00       _set_data_type             00433e00 f   trees.obj
 0001:00032e90       _bi_windup                 00433e90 f   trees.obj
 0001:00032f10       _copy_block                00433f10 f   trees.obj
 0001:00032fa0       _gen_codes                 00433fa0 f   trees.obj
 0001:00033030       _build_tree                00434030 f   trees.obj
 0001:00033230       _build_bl_tree             00434230 f   trees.obj
 0001:00033590       _unzlocal_SearchCentralDir 00434590 f   unzip.obj
 0001:00033720       _unzlocal_GetCurrentFileInfoInternal 00434720 f   unzip.obj
 0001:00033c40       _unzlocal_CheckCurrentFileCoherencyHeader 00434c40 f   unzip.obj
 0001:000342e0       ?Wavelet_ConsumeBits@@YAXGPAUWaveletDecode@@@Z 004352e0 f   r_image_wavelet.obj
 0001:00034380       ?Wavelet_DecodeValue@@YAHQBUWaveletHuffmanDecode@@GHPAUWaveletDecode@@@Z 00435380 f   r_image_wavelet.obj
 0001:00034430       ?Wavelet_AddDeltaToMipmap@@YAXPAEHPAUWaveletDecode@@QBH@Z 00435430 f   r_image_wavelet.obj
 0001:00034b70       ?Image_CopyBitmapData@@YAXPAUGfxRawImage@@PAUGfxImageFileHeader@@PAE@Z 00435b70 f   r_imagedecode.obj
 0001:00034e20       ?Image_CountMipmapsForFile@@YAHPAUGfxImageFileHeader@@@Z 00435e20 f   r_imagedecode.obj
 0001:00034e90       ?Image_DecodeWavelet@@YAXPAUGfxRawImage@@PAUGfxImageFileHeader@@PAEH@Z 00435e90 f   r_imagedecode.obj
 0001:00035010       ?Image_DecodeBitmap@@YAXPAUGfxRawImage@@PAUGfxImageFileHeader@@PAEH@Z 00436010 f   r_imagedecode.obj
 0001:00035100       ?Image_DecompressDxt1_Internal@@YAXPAUDdsBlock_Dxt1_t@@PAUGfxRawImage@@HH_N@Z 00436100 f   r_imagedecode.obj
 0001:00035730       ?Image_DecompressDxt1@@YAXPAEPAUGfxRawImage@@HH@Z 00436730 f   r_imagedecode.obj
 0001:00035750       ?Image_DecompressDxt3@@YAXPAEPAUGfxRawImage@@HH@Z 00436750 f   r_imagedecode.obj
 0001:00035950       ?Image_DecompressDxt5@@YAXPAEPAUGfxRawImage@@HH@Z 00436950 f   r_imagedecode.obj
 0001:00035d10       ?Image_CopyDxtcData@@YAXPAUGfxRawImage@@PAUGfxImageFileHeader@@PAE@Z 00436d10 f   r_imagedecode.obj
 0001:00035dd0       ?Image_DecodeDxtc@@YAXPAUGfxRawImage@@PAUGfxImageFileHeader@@PAEH@Z 00436dd0 f   r_imagedecode.obj
 0001:00036150       ?R_GetLightDefImage@@YAPBEPBEPAUGfxRawImage@@@Z 00437150 f   r_light_load_obj.obj
 0001:00036880       _swap                      00437880 f   LIBCMT:qsort.obj
 0001:000368b0       _shortsort                 004378b0 f   LIBCMT:qsort.obj
 0001:0003779a       __initterm                 0043879a f   LIBCMT:crt0dat.obj
 0001:000378d7       _doexit                    004388d7 f   LIBCMT:crt0dat.obj
 0001:000380d8       _vscan_fn                  004390d8 f   LIBCMT:sscanf.obj
 0001:00038ba1       _flsall                    00439ba1 f   LIBCMT:fflush.obj
 0001:00039318       ?CatchGuardHandler@@YA?AW4_EXCEPTION_DISPOSITION@@PAUEHExceptionRecord@@PAUCatchGuardRN@@PAX2@Z 0043a318 f   LIBCMT:trnsctrl.obj
 0001:0003941d       ?TranslatorGuardHandler@@YA?AW4_EXCEPTION_DISPOSITION@@PAUEHExceptionRecord@@PAUTranslatorGuardRN@@PAX2@Z 0043a41d f   LIBCMT:trnsctrl.obj
 0001:00039be7       __catch$??2@YAPAXIABUnothrow_t@std@@@Z$0 0043abe7 f   LIBCMT:newopnt.obj
 0001:0003a466       __onexit_nolock            0043b466 f   LIBCMT:onexit.obj
 0001:0003b471       _fast_error_exit           0043c471 f   LIBCMT:crt0.obj
 0001:0003b495       _check_managed_app         0043c495 f   LIBCMT:crt0.obj
 0001:0003b4d6       ___tmainCRTStartup         0043c4d6 f   LIBCMT:crt0.obj
 0001:0003b7f4       __shift                    0043c7f4 f   LIBCMT:cvt.obj
 0001:0003b82d       __cftoe2_l                 0043c82d f   LIBCMT:cvt.obj
 0001:0003bdf7       __cftof2_l                 0043cdf7 f   LIBCMT:cvt.obj
 0001:0003c21d       _fastcopy_I                0043d21d f   LIBCMT:p4_memcpy.obj
 0001:0003d399       ?CPtoLCID@@YAHH@Z          0043e399 f   LIBCMT:mbctype.obj
 0001:0003d3c8       ?setSBCS@@YAXPAUthreadmbcinfostruct@@@Z 0043e3c8 f   LIBCMT:mbctype.obj
 0001:0003d41d       ?setSBUpLow@@YAXPAUthreadmbcinfostruct@@@Z 0043e41d f   LIBCMT:mbctype.obj
 0001:0003d64b       ?getSystemCP@@YAHH@Z       0043e64b f   LIBCMT:mbctype.obj
 0001:0003dca8       __updatetlocinfoEx_nolock  0043eca8 f   LIBCMT:setlocal.obj
 0001:0003dd5c       __use_encode_pointer       0043ed5c f   LIBCMT:tidtable.obj
 0001:0003e3ce       _fastzero_I                0043f3ce f   LIBCMT:p4_memset.obj
 0001:0003eb26       _siglookup                 0043fb26 f   LIBCMT:winsig.obj
 0001:0003ed35       ___crtInitCritSecNoSpinCount@8 0043fd35 f   LIBCMT:initcrit.obj
 0001:0003eecf       _write_char                0043fecf f   LIBCMT:output.obj
 0001:0003ef02       _write_multi_char          0043ff02 f   LIBCMT:output.obj
 0001:0003ef26       _write_string              0043ff26 f   LIBCMT:output.obj
 0001:00040080       __unwind_handler4          00441080 f   LIBCMT:exsup4.obj
 0001:000402db       ___check_float_string      004412db f   LIBCMT:input.obj
 0001:0004032f       __inc                      0044132f f   LIBCMT:input.obj
 0001:00040345       __whiteout                 00441345 f   LIBCMT:input.obj
 0001:00040fb7       ?strtoxl@@YAKPAUlocaleinfo_struct@@PBDPAPBDHH@Z 00441fb7 f   LIBCMT:strtol.obj
 0001:000432a5       ?ExFilterRethrow@@YAHPAU_EXCEPTION_POINTERS@@@Z 004442a5 f   LIBCMT:frame.obj
 0001:00043363       ?IsInExceptionSpec@@YAEPAUEHExceptionRecord@@PBU_s_ESTypeList@@@Z 00444363 f   LIBCMT:frame.obj
 0001:000433dc       ?CallUnexpected@@YAXPBU_s_ESTypeList@@@Z 004443dc f   LIBCMT:frame.obj
 0001:0004340d       __catch$?CallUnexpected@@YAXPBU_s_ESTypeList@@@Z$0 0044440d f   LIBCMT:frame.obj
 0001:00043425       ?CallCatchBlock@@YAPAXPAUEHExceptionRecord@@PAUEHRegistrationNode@@PAU_CONTEXT@@PBU_s_FuncInfo@@PAXHK@Z 00444425 f   LIBCMT:frame.obj
 0001:000437d1       ?CatchIt@@YAXPAUEHExceptionRecord@@PAUEHRegistrationNode@@PAU_CONTEXT@@PAXPBU_s_FuncInfo@@PBU_s_HandlerType@@PBU_s_CatchableType@@PBU_s_TryBlockMapEntry@@H1E@Z 004447d1 f   LIBCMT:frame.obj
 0001:0004383d       ?FindHandlerForForeignException@@YAXPAUEHExceptionRecord@@PAUEHRegistrationNode@@PAU_CONTEXT@@PAXPBU_s_FuncInfo@@HH1@Z 0044483d f   LIBCMT:frame.obj
 0001:0004392f       ?FindHandler@@YAXPAUEHExceptionRecord@@PAUEHRegistrationNode@@PAU_CONTEXT@@PAXPBU_s_FuncInfo@@EH1@Z 0044492f f   LIBCMT:frame.obj
 0001:0004627c       ?__crtLCMapStringA_stat@@YAHPAUlocaleinfo_struct@@KKPBDHPADHHH@Z 0044727c f   LIBCMT:a_map.obj
 0001:00046c10       __tzset_nolock             00447c10 f   LIBCMT:tzset.obj
 0001:00046f59       _cvtdate                   00447f59 f   LIBCMT:tzset.obj
 0001:0004714e       __isindst_nolock           0044814e f   LIBCMT:tzset.obj
 0001:000479a7       _parse_cmdline             004489a7 f   LIBCMT:stdargv.obj
 0001:00048292       _has_osfxsr_set            00449292 f   LIBCMT:cpu_disp.obj
 0001:0004834f       ?__crtGetStringTypeA_stat@@YAHPAUlocaleinfo_struct@@KPBDHPAGHHH@Z 0044934f f   LIBCMT:a_str.obj
 0001:0004934e       __tsopen_nolock            0044a34e f   LIBCMT:open.obj
 0001:00049f60       __unwind_handler           0044af60 f   LIBCMT:exsup.obj
 0001:0004cadd       ?x_ismbbtype_l@@YAHPAUlocaleinfo_struct@@IHH@Z 0044dadd f   LIBCMT:ismbbyte.obj
 0001:0004d407       __hw_cw                    0044e407 f   LIBCMT:ieee87.obj
 0001:0004d495       ___hw_cw_sse2              0044e495 f   LIBCMT:ieee87.obj
 0001:0004de71       ?__crtCompareStringA_stat@@YAHPAUlocaleinfo_struct@@KKPBDH1HH@Z 0044ee71 f   LIBCMT:a_cmp.obj
 0001:0004e332       _findenv                   0044f332 f   LIBCMT:setenv.obj
 0001:0004e37f       _copy_environ              0044f37f f   LIBCMT:setenv.obj
 0001:0004e700       __ehhandler$_main          0044f700 f   cod2rad.obj
 0001:0004e71b       __ehhandler$??2@YAPAXIABUnothrow_t@std@@@Z 0044f71b f   LIBCMT:newopnt.obj
 0001:0004e736       __ehhandler$?CallUnexpected@@YAXPBU_s_ESTypeList@@@Z 0044f736 f   LIBCMT:frame.obj
 0001:0004e760       ??__EburnableCells@@YAXXZ  0044f760 f   bspfile.obj
 0001:0004e780       ??__EsLights@@YAXXZ        0044f780 f   oldgrid.obj
 0001:0004e790       ??__EsGridLightInfo@@YAXXZ 0044f790 f   oldgrid.obj
 0001:0004e7a0       ??__EsLightIndices@@YAXXZ  0044f7a0 f   oldgrid.obj
 0001:0004e7b0       ??__EsGridPoints@@YAXXZ    0044f7b0 f   oldgrid.obj
 0001:0004e7c0       ??__EsCellData@@YAXXZ      0044f7c0 f   oldgrid.obj
 0001:0004e7d0       ??__FsLights@@YAXXZ        0044f7d0 f   oldgrid.obj
 0001:0004e810       ??__FsGridLightInfo@@YAXXZ 0044f810 f   oldgrid.obj
 0001:0004e850       ??__FsLightIndices@@YAXXZ  0044f850 f   oldgrid.obj
 0001:0004e890       ??__FsGridPoints@@YAXXZ    0044f890 f   oldgrid.obj
 0001:0004e8f0       ??__FsCellData@@YAXXZ      0044f8f0 f   oldgrid.obj
 0001:0004e943       ??__Fnomem@?5???2@YAPAXI@Z@YAXXZ 0044f943 f   LIBCMT:new.obj
